******************************************************************************
             TMS320C2000 Linker PC v18.1.1                     
******************************************************************************
>> Linked Thu Jun 21 14:18:06 2018

OUTPUT FILE NAME:   <wedmDSP6.out>
ENTRY POINT SYMBOL: "code_start"  address: 00000000


MEMORY CONFIGURATION

         name            origin    length      used     unused   attr    fill
----------------------  --------  ---------  --------  --------  ----  --------
PAGE 0:
  BEGIN                 00000000   00000002  00000002  00000000  RWIX
  RAMM0                 00000050   000003b0  00000075  0000033b  RWIX
  RAML3                 00009000   00001000  00000192  00000e6e  RWIX
  RAML5L8               0000c000   00008000  00000d3d  000072c3  RWIX
  FPUTABLES             003fd590   000006a0  00000000  000006a0  RWIX
  IQTABLES              003fdf00   00000b50  00000000  00000b50  RWIX
  IQTABLES2             003fea50   0000008c  00000000  0000008c  RWIX
  IQTABLES3             003feadc   000000aa  00000000  000000aa  RWIX
  BOOTROM               003ff3b0   00000c10  00000000  00000c10  RWIX
  RESET                 003fffc0   00000002  00000000  00000002  RWIX

PAGE 1:
  BOOT_RSVD             00000002   0000004e  00000000  0000004e  RWIX
  RAMM1                 00000480   00000380  00000000  00000380  RWIX
  DEV_EMU               00000880   00000105  00000004  00000101  RWIX
  SYS_PWR_CTL           00000985   00000003  00000003  00000000  RWIX
  FLASH_REGS            00000a80   00000060  00000008  00000058  RWIX
  CSM                   00000ae0   00000020  00000010  00000010  RWIX
  ADC_RESULT            00000b00   00000020  00000010  00000010  RWIX
  CPU_TIMER0            00000c00   00000008  00000008  00000000  RWIX
  CPU_TIMER1            00000c08   00000008  00000008  00000000  RWIX
  CPU_TIMER2            00000c10   00000008  00000008  00000000  RWIX
  PIE_CTRL              00000ce0   00000020  0000001a  00000006  RWIX
  PIE_VECT              00000d00   00000100  00000100  00000000  RWIX
  DMA                   00001000   00000200  000000e0  00000120  RWIX
  CLA1                  00001400   00000080  00000040  00000040  RWIX
  CLA1_MSGRAMLOW        00001480   00000080  00000008  00000078  RWIX
  CLA1_MSGRAMHIGH       00001500   00000080  00000000  00000080  RWIX
  USB0                  00004000   00001000  00000454  00000bac  RWIX
  McBSPA                00005000   00000040  00000024  0000001c  RWIX
  ECANA                 00006000   00000040  00000034  0000000c  RWIX
  ECANA_LAM             00006040   00000040  00000040  00000000  RWIX
  ECANA_MOTS            00006080   00000040  00000040  00000000  RWIX
  ECANA_MOTO            000060c0   00000040  00000040  00000000  RWIX
  ECANA_MBOX            00006100   00000100  00000100  00000000  RWIX
  COMP1                 00006400   00000020  00000014  0000000c  RWIX
  COMP2                 00006420   00000020  00000014  0000000c  RWIX
  COMP3                 00006440   00000020  00000014  0000000c  RWIX
  EPWM1                 00006800   00000040  00000040  00000000  RWIX
  EPWM2                 00006840   00000040  00000040  00000000  RWIX
  EPWM3                 00006880   00000040  00000040  00000000  RWIX
  EPWM4                 000068c0   00000040  00000040  00000000  RWIX
  EPWM5                 00006900   00000040  00000040  00000000  RWIX
  EPWM6                 00006940   00000040  00000040  00000000  RWIX
  EPWM7                 00006980   00000040  00000040  00000000  RWIX
  EPWM8                 000069c0   00000040  00000040  00000000  RWIX
  ECAP1                 00006a00   00000020  00000020  00000000  RWIX
  ECAP2                 00006a20   00000020  00000020  00000000  RWIX
  ECAP3                 00006a40   00000020  00000020  00000000  RWIX
  HRCAP1                00006ac0   00000020  00000020  00000000  RWIX
  HRCAP2                00006ae0   00000020  00000020  00000000  RWIX
  EQEP1                 00006b00   00000040  00000022  0000001e  RWIX
  EQEP2                 00006b40   00000040  00000022  0000001e  RWIX
  HRCAP3                00006c80   00000020  00000020  00000000  RWIX
  HRCAP4                00006ca0   00000020  00000020  00000000  RWIX
  GPIOCTRL              00006f80   00000040  00000040  00000000  RWIX
  GPIODAT               00006fc0   00000020  00000020  00000000  RWIX
  GPIOINT               00006fe0   00000020  00000020  00000000  RWIX
  SYSTEM                00007010   00000030  00000030  00000000  RWIX
  SPIA                  00007040   00000010  00000010  00000000  RWIX
  SCIA                  00007050   00000010  00000010  00000000  RWIX
  NMIINTRUPT            00007060   00000010  00000010  00000000  RWIX
  XINTRUPT              00007070   00000010  00000010  00000000  RWIX
  ADC                   00007100   00000080  00000050  00000030  RWIX
  SPIB                  00007740   00000010  00000010  00000000  RWIX
  SCIB                  00007750   00000010  00000010  00000000  RWIX
  I2CA                  00007900   00000040  00000022  0000001e  RWIX
  CLARAM2               00008000   00000800  00000000  00000800  RWIX
  CLARAM0               00008800   00000400  0000011c  000002e4  RWIX
  CLARAM1               00008c00   00000400  00000001  000003ff  RWIX
  RAML4                 0000a000   00002000  0000054a  00001ab6  RWIX
  PARTID                003d7e80   00000001  00000001  00000000  RWIX
  CSM_PWL               003f7ff8   00000008  00000008  00000000  RWIX


SECTION ALLOCATION MAP

 output                                  attributes/
section   page    origin      length       input sections
--------  ----  ----------  ----------   ----------------
codestart 
*          0    00000000    00000002     
                  00000000    00000002     F2806x_CodeStartBranch.obj (codestart)

.cinit     0    00000050    00000071     
                  00000050    00000057     main.obj (.cinit)
                  000000a7    0000000e     rts2800_fpu32.lib : exit.c.obj (.cinit)
                  000000b5    00000005                       : _lock.c.obj (.cinit:__lock)
                  000000ba    00000005                       : _lock.c.obj (.cinit:__unlock)
                  000000bf    00000002     --HOLE-- [fill = 0]

ramfuncs   0    000000c1    00000004     
                  000000c1    00000004     F2806x_usDelay.obj (ramfuncs)

.text      0    0000c000    00000d3d     
                  0000c000    0000039b     F2806x_DefaultIsr.obj (.text:retain)
                  0000c39b    0000023a     F2806x_Adc.obj (.text)
                  0000c5d5    000001af     main.obj (.text)
                  0000c784    00000192     F2806x_SysCtrl.obj (.text)
                  0000c916    0000016f     main.obj (.text:retain)
                  0000ca85    000000d8     F2806x_EPwm.obj (.text)
                  0000cb5d    00000076     F2806x_CpuTimers.obj (.text)
                  0000cbd3    00000056     rts2800_fpu32.lib : boot28.asm.obj (.text)
                  0000cc29    00000029                       : exit.c.obj (.text)
                  0000cc52    00000028     F2806x_PieCtrl.obj (.text)
                  0000cc7a    00000026     F2806x_PieVect.obj (.text)
                  0000cca0    00000024     rts2800_fpu32.lib : cpy_tbl.c.obj (.text)
                  0000ccc4    0000001e                       : memcpy.c.obj (.text)
                  0000cce2    00000019                       : args_main.c.obj (.text)
                  0000ccfb    00000019     rts2800_fpu32_fast_supplement.lib : div_f32.obj (.text)
                  0000cd14    00000015     F2806x_Gpio.obj (.text)
                  0000cd29    00000009     rts2800_fpu32.lib : _lock.c.obj (.text)
                  0000cd32    00000008     F2806x_CodeStartBranch.obj (.text)
                  0000cd3a    00000002     rts2800_fpu32.lib : pre_init.c.obj (.text)
                  0000cd3c    00000001                       : startup.c.obj (.text)

.pinit     0    00000050    00000000     UNINITIALIZED

.reset     0    003fffc0    00000002     DSECT
                  003fffc0    00000002     rts2800_fpu32.lib : boot28.asm.obj (.reset)

DevEmuRegsFile 
*          1    00000880    00000004     UNINITIALIZED
                  00000880    00000004     F2806x_GlobalVariableDefs.obj (DevEmuRegsFile)

SysPwrCtrlRegsFile 
*          1    00000985    00000003     UNINITIALIZED
                  00000985    00000003     F2806x_GlobalVariableDefs.obj (SysPwrCtrlRegsFile)

FlashRegsFile 
*          1    00000a80    00000008     UNINITIALIZED
                  00000a80    00000008     F2806x_GlobalVariableDefs.obj (FlashRegsFile)

CsmRegsFile 
*          1    00000ae0    00000010     UNINITIALIZED
                  00000ae0    00000010     F2806x_GlobalVariableDefs.obj (CsmRegsFile)

AdcResultFile 
*          1    00000b00    00000010     UNINITIALIZED
                  00000b00    00000010     F2806x_GlobalVariableDefs.obj (AdcResultFile)

CpuTimer0RegsFile 
*          1    00000c00    00000008     UNINITIALIZED
                  00000c00    00000008     F2806x_GlobalVariableDefs.obj (CpuTimer0RegsFile)

CpuTimer1RegsFile 
*          1    00000c08    00000008     UNINITIALIZED
                  00000c08    00000008     F2806x_GlobalVariableDefs.obj (CpuTimer1RegsFile)

CpuTimer2RegsFile 
*          1    00000c10    00000008     UNINITIALIZED
                  00000c10    00000008     F2806x_GlobalVariableDefs.obj (CpuTimer2RegsFile)

PieCtrlRegsFile 
*          1    00000ce0    0000001a     UNINITIALIZED
                  00000ce0    0000001a     F2806x_GlobalVariableDefs.obj (PieCtrlRegsFile)

PieVectTableFile 
*          1    00000d00    00000100     UNINITIALIZED
                  00000d00    00000100     F2806x_GlobalVariableDefs.obj (PieVectTableFile)

EmuKeyVar 
*          1    00000d00    00000001     UNINITIALIZED
                  00000d00    00000001     F2806x_GlobalVariableDefs.obj (EmuKeyVar)

EmuBModeVar 
*          1    00000d01    00000001     UNINITIALIZED
                  00000d01    00000001     F2806x_GlobalVariableDefs.obj (EmuBModeVar)

FlashCallbackVar 
*          1    00000d02    00000002     UNINITIALIZED
                  00000d02    00000002     F2806x_GlobalVariableDefs.obj (FlashCallbackVar)

FlashScalingVar 
*          1    00000d04    00000002     UNINITIALIZED
                  00000d04    00000002     F2806x_GlobalVariableDefs.obj (FlashScalingVar)

DmaRegsFile 
*          1    00001000    000000e0     UNINITIALIZED
                  00001000    000000e0     F2806x_GlobalVariableDefs.obj (DmaRegsFile)

Cla1RegsFile 
*          1    00001400    00000040     UNINITIALIZED
                  00001400    00000040     F2806x_GlobalVariableDefs.obj (Cla1RegsFile)

Usb0RegsFile 
*          1    00004000    00000454     UNINITIALIZED
                  00004000    00000454     F2806x_GlobalVariableDefs.obj (Usb0RegsFile)

McbspaRegsFile 
*          1    00005000    00000024     UNINITIALIZED
                  00005000    00000024     F2806x_GlobalVariableDefs.obj (McbspaRegsFile)

ECanaRegsFile 
*          1    00006000    00000034     UNINITIALIZED
                  00006000    00000034     F2806x_GlobalVariableDefs.obj (ECanaRegsFile)

ECanaLAMRegsFile 
*          1    00006040    00000040     UNINITIALIZED
                  00006040    00000040     F2806x_GlobalVariableDefs.obj (ECanaLAMRegsFile)

ECanaMOTSRegsFile 
*          1    00006080    00000040     UNINITIALIZED
                  00006080    00000040     F2806x_GlobalVariableDefs.obj (ECanaMOTSRegsFile)

ECanaMOTORegsFile 
*          1    000060c0    00000040     UNINITIALIZED
                  000060c0    00000040     F2806x_GlobalVariableDefs.obj (ECanaMOTORegsFile)

ECanaMboxesFile 
*          1    00006100    00000100     UNINITIALIZED
                  00006100    00000100     F2806x_GlobalVariableDefs.obj (ECanaMboxesFile)

Comp1RegsFile 
*          1    00006400    00000014     UNINITIALIZED
                  00006400    00000014     F2806x_GlobalVariableDefs.obj (Comp1RegsFile)

Comp2RegsFile 
*          1    00006420    00000014     UNINITIALIZED
                  00006420    00000014     F2806x_GlobalVariableDefs.obj (Comp2RegsFile)

Comp3RegsFile 
*          1    00006440    00000014     UNINITIALIZED
                  00006440    00000014     F2806x_GlobalVariableDefs.obj (Comp3RegsFile)

EPwm1RegsFile 
*          1    00006800    00000040     UNINITIALIZED
                  00006800    00000040     F2806x_GlobalVariableDefs.obj (EPwm1RegsFile)

EPwm2RegsFile 
*          1    00006840    00000040     UNINITIALIZED
                  00006840    00000040     F2806x_GlobalVariableDefs.obj (EPwm2RegsFile)

EPwm3RegsFile 
*          1    00006880    00000040     UNINITIALIZED
                  00006880    00000040     F2806x_GlobalVariableDefs.obj (EPwm3RegsFile)

EPwm4RegsFile 
*          1    000068c0    00000040     UNINITIALIZED
                  000068c0    00000040     F2806x_GlobalVariableDefs.obj (EPwm4RegsFile)

EPwm5RegsFile 
*          1    00006900    00000040     UNINITIALIZED
                  00006900    00000040     F2806x_GlobalVariableDefs.obj (EPwm5RegsFile)

EPwm6RegsFile 
*          1    00006940    00000040     UNINITIALIZED
                  00006940    00000040     F2806x_GlobalVariableDefs.obj (EPwm6RegsFile)

EPwm7RegsFile 
*          1    00006980    00000040     UNINITIALIZED
                  00006980    00000040     F2806x_GlobalVariableDefs.obj (EPwm7RegsFile)

EPwm8RegsFile 
*          1    000069c0    00000040     UNINITIALIZED
                  000069c0    00000040     F2806x_GlobalVariableDefs.obj (EPwm8RegsFile)

ECap1RegsFile 
*          1    00006a00    00000020     UNINITIALIZED
                  00006a00    00000020     F2806x_GlobalVariableDefs.obj (ECap1RegsFile)

ECap2RegsFile 
*          1    00006a20    00000020     UNINITIALIZED
                  00006a20    00000020     F2806x_GlobalVariableDefs.obj (ECap2RegsFile)

ECap3RegsFile 
*          1    00006a40    00000020     UNINITIALIZED
                  00006a40    00000020     F2806x_GlobalVariableDefs.obj (ECap3RegsFile)

HRCap1RegsFile 
*          1    00006ac0    00000020     UNINITIALIZED
                  00006ac0    00000020     F2806x_GlobalVariableDefs.obj (HRCap1RegsFile)

HRCap2RegsFile 
*          1    00006ae0    00000020     UNINITIALIZED
                  00006ae0    00000020     F2806x_GlobalVariableDefs.obj (HRCap2RegsFile)

EQep1RegsFile 
*          1    00006b00    00000022     UNINITIALIZED
                  00006b00    00000022     F2806x_GlobalVariableDefs.obj (EQep1RegsFile)

EQep2RegsFile 
*          1    00006b40    00000022     UNINITIALIZED
                  00006b40    00000022     F2806x_GlobalVariableDefs.obj (EQep2RegsFile)

HRCap3RegsFile 
*          1    00006c80    00000020     UNINITIALIZED
                  00006c80    00000020     F2806x_GlobalVariableDefs.obj (HRCap3RegsFile)

HRCap4RegsFile 
*          1    00006ca0    00000020     UNINITIALIZED
                  00006ca0    00000020     F2806x_GlobalVariableDefs.obj (HRCap4RegsFile)

GpioCtrlRegsFile 
*          1    00006f80    00000040     UNINITIALIZED
                  00006f80    00000040     F2806x_GlobalVariableDefs.obj (GpioCtrlRegsFile)

GpioDataRegsFile 
*          1    00006fc0    00000020     UNINITIALIZED
                  00006fc0    00000020     F2806x_GlobalVariableDefs.obj (GpioDataRegsFile)

GpioIntRegsFile 
*          1    00006fe0    00000020     UNINITIALIZED
                  00006fe0    00000020     F2806x_GlobalVariableDefs.obj (GpioIntRegsFile)

SysCtrlRegsFile 
*          1    00007010    00000030     UNINITIALIZED
                  00007010    00000030     F2806x_GlobalVariableDefs.obj (SysCtrlRegsFile)

SpiaRegsFile 
*          1    00007040    00000010     UNINITIALIZED
                  00007040    00000010     F2806x_GlobalVariableDefs.obj (SpiaRegsFile)

SciaRegsFile 
*          1    00007050    00000010     UNINITIALIZED
                  00007050    00000010     F2806x_GlobalVariableDefs.obj (SciaRegsFile)

NmiIntruptRegsFile 
*          1    00007060    00000010     UNINITIALIZED
                  00007060    00000010     F2806x_GlobalVariableDefs.obj (NmiIntruptRegsFile)

XIntruptRegsFile 
*          1    00007070    00000010     UNINITIALIZED
                  00007070    00000010     F2806x_GlobalVariableDefs.obj (XIntruptRegsFile)

AdcRegsFile 
*          1    00007100    00000050     UNINITIALIZED
                  00007100    00000050     F2806x_GlobalVariableDefs.obj (AdcRegsFile)

SpibRegsFile 
*          1    00007740    00000010     UNINITIALIZED
                  00007740    00000010     F2806x_GlobalVariableDefs.obj (SpibRegsFile)

ScibRegsFile 
*          1    00007750    00000010     UNINITIALIZED
                  00007750    00000010     F2806x_GlobalVariableDefs.obj (ScibRegsFile)

I2caRegsFile 
*          1    00007900    00000022     UNINITIALIZED
                  00007900    00000022     F2806x_GlobalVariableDefs.obj (I2caRegsFile)

CLAscratch 
*          1    00008800    00000100     UNINITIALIZED
                  00008800    00000100     --HOLE--

.stack     1    0000a000    00000400     UNINITIALIZED
                  0000a000    00000400     --HOLE--

.econst    1    0000a400    00000100     
                  0000a400    00000100     F2806x_PieVect.obj (.econst:_PieVectTableInit)

.ebss      1    0000a500    0000004a     UNINITIALIZED
                  0000a500    00000028     main.obj (.ebss)
                  0000a528    00000018     F2806x_CpuTimers.obj (.ebss)
                  0000a540    00000006     rts2800_fpu32.lib : exit.c.obj (.ebss)
                  0000a546    00000002                       : _lock.c.obj (.ebss:__lock)
                  0000a548    00000002                       : _lock.c.obj (.ebss:__unlock)

.scratchpad 
*          1    0000891a    00000002     UNINITIALIZED
                  0000891a    00000002     CLA_ADC.obj (.scratchpad:Cla1Prog:_Cla1Task8)

Cla1Prog   0    00009000    00000192     
                  00009000    000000dc     CLA_ADC.obj (Cla1Prog:_Cla1Task7)
                  000090dc    00000086     CLA_ADC.obj (Cla1Prog:_Cla1Task8)
                  00009162    00000008     CLA_ADC.obj (Cla1Prog:_Cla1Task1)
                  0000916a    00000008     CLA_ADC.obj (Cla1Prog:_Cla1Task2)
                  00009172    00000008     CLA_ADC.obj (Cla1Prog:_Cla1Task3)
                  0000917a    00000008     CLA_ADC.obj (Cla1Prog:_Cla1Task4)
                  00009182    00000008     CLA_ADC.obj (Cla1Prog:_Cla1Task5)
                  0000918a    00000008     CLA_ADC.obj (Cla1Prog:_Cla1Task6)

Cla1ToCpuMsgRAM 
*          1    00001480    00000008     UNINITIALIZED
                  00001480    00000008     main.obj (Cla1ToCpuMsgRAM)

Cla1DataRam0 
*          1    00008900    0000001a     UNINITIALIZED
                  00008900    0000001a     main.obj (Cla1DataRam0)

Cla1DataRam1 
*          1    00008c00    00000001     UNINITIALIZED
                  00008c00    00000001     main.obj (Cla1DataRam1)

CLA1mathTables 
*          1    00008c00    00000000     UNINITIALIZED

PartIdRegsFile 
*          1    003d7e80    00000001     UNINITIALIZED
                  003d7e80    00000001     F2806x_GlobalVariableDefs.obj (PartIdRegsFile)

CsmPwlFile 
*          1    003f7ff8    00000008     UNINITIALIZED
                  003f7ff8    00000008     F2806x_GlobalVariableDefs.obj (CsmPwlFile)

MODULE SUMMARY

       Module                          code   initialized data   uninitialized data
       ------                          ----   ----------------   ------------------
    .\
       F2806x_GlobalVariableDefs.obj   0      0                  3550              
       main.obj                        798    87                 75                
       F2806x_DefaultIsr.obj           923    0                  0                 
       F2806x_Adc.obj                  570    0                  0                 
       CLA_ADC.obj                     402    0                  2                 
       F2806x_SysCtrl.obj              402    0                  0                 
       F2806x_PieVect.obj              38     256                0                 
       F2806x_EPwm.obj                 216    0                  0                 
       F2806x_CpuTimers.obj            118    0                  24                
       F2806x_PieCtrl.obj              40     0                  0                 
       F2806x_Gpio.obj                 21     0                  0                 
       F2806x_CodeStartBranch.obj      10     0                  0                 
       F2806x_usDelay.obj              4      0                  0                 
    +--+-------------------------------+------+------------------+--------------------+
       Total:                          3542   343                3651              
                                                                                   
    C:/ti/c2000/C2000Ware_1_00_04_00/libraries/math/FPUfastRTS/c28/lib/rts2800_fpu32_fast_supplement.lib
       div_f32.obj                     25     0                  0                 
    +--+-------------------------------+------+------------------+--------------------+
       Total:                          25     0                  0                 
                                                                                   
    C:/ti/ccsv8/tools/compiler/ti-cgt-c2000_18.1.1.LTS/lib/rts2800_fpu32.lib
       boot28.asm.obj                  86     0                  0                 
       exit.c.obj                      41     14                 6                 
       cpy_tbl.c.obj                   36     0                  0                 
       memcpy.c.obj                    30     0                  0                 
       args_main.c.obj                 25     0                  0                 
       _lock.c.obj                     9      10                 4                 
       pre_init.c.obj                  2      0                  0                 
       startup.c.obj                   1      0                  0                 
    +--+-------------------------------+------+------------------+--------------------+
       Total:                          230    24                 10                
                                                                                   
       Stack:                          0      0                  1024              
    +--+-------------------------------+------+------------------+--------------------+
       Grand Total:                    3797   367                4685              


GLOBAL DATA SYMBOLS: SORTED BY DATA PAGE

address     data page           name
--------    ----------------    ----
00000880      22 (00000880)     _DevEmuRegs

00000985      26 (00000980)     _SysPwrCtrlRegs

00000a80      2a (00000a80)     _FlashRegs

00000ae0      2b (00000ac0)     _CsmRegs

00000b00      2c (00000b00)     _AdcResult

00000c00      30 (00000c00)     _CpuTimer0Regs
00000c08      30 (00000c00)     _CpuTimer1Regs
00000c10      30 (00000c00)     _CpuTimer2Regs

00000ce0      33 (00000cc0)     _PieCtrlRegs

00000d00      34 (00000d00)     _EmuKey
00000d00      34 (00000d00)     _PieVectTable
00000d01      34 (00000d00)     _EmuBMode
00000d02      34 (00000d00)     _Flash_CallbackPtr
00000d04      34 (00000d00)     _Flash_CPUScaleFactor

00001000      40 (00001000)     _DmaRegs

00001400      50 (00001400)     _Cla1Regs

00001480      52 (00001480)     _adcCount
00001481      52 (00001480)     _SampleCount
00001482      52 (00001480)     _SampleCount2
00001484      52 (00001480)     _voltage2Sum
00001486      52 (00001480)     _current3Sum

00004000     100 (00004000)     _Usb0Regs

00005000     140 (00005000)     _McbspaRegs

00006000     180 (00006000)     _ECanaRegs

00006040     181 (00006040)     _ECanaLAMRegs

00006080     182 (00006080)     _ECanaMOTSRegs

000060c0     183 (000060c0)     _ECanaMOTORegs

00006100     184 (00006100)     _ECanaMboxes

00006400     190 (00006400)     _Comp1Regs
00006420     190 (00006400)     _Comp2Regs

00006440     191 (00006440)     _Comp3Regs

00006800     1a0 (00006800)     _EPwm1Regs

00006840     1a1 (00006840)     _EPwm2Regs

00006880     1a2 (00006880)     _EPwm3Regs

000068c0     1a3 (000068c0)     _EPwm4Regs

00006900     1a4 (00006900)     _EPwm5Regs

00006940     1a5 (00006940)     _EPwm6Regs

00006980     1a6 (00006980)     _EPwm7Regs

000069c0     1a7 (000069c0)     _EPwm8Regs

00006a00     1a8 (00006a00)     _ECap1Regs
00006a20     1a8 (00006a00)     _ECap2Regs

00006a40     1a9 (00006a40)     _ECap3Regs

00006ac0     1ab (00006ac0)     _HRCap1Regs
00006ae0     1ab (00006ac0)     _HRCap2Regs

00006b00     1ac (00006b00)     _EQep1Regs

00006b40     1ad (00006b40)     _EQep2Regs

00006c80     1b2 (00006c80)     _HRCap3Regs
00006ca0     1b2 (00006c80)     _HRCap4Regs

00006f80     1be (00006f80)     _GpioCtrlRegs

00006fc0     1bf (00006fc0)     _GpioDataRegs
00006fe0     1bf (00006fc0)     _GpioIntRegs

00007010     1c0 (00007000)     _SysCtrlRegs

00007040     1c1 (00007040)     _SpiaRegs
00007050     1c1 (00007040)     _SciaRegs
00007060     1c1 (00007040)     _NmiIntruptRegs
00007070     1c1 (00007040)     _XIntruptRegs

00007100     1c4 (00007100)     _AdcRegs

00007740     1dd (00007740)     _SpibRegs
00007750     1dd (00007740)     _ScibRegs

00007900     1e4 (00007900)     _I2caRegs

00008900     224 (00008900)     _current3Val
00008901     224 (00008900)     _voltage2Val

00008c00     230 (00008c00)     _claTask8Count

0000a000     280 (0000a000)     __stack

0000a400     290 (0000a400)     _PieVectTableInit

0000a500     294 (0000a500)     _mainCount
0000a501     294 (0000a500)     _controllerCount
0000a502     294 (0000a500)     _a2
0000a504     294 (0000a500)     _integral
0000a506     294 (0000a500)     _c2
0000a508     294 (0000a500)     _b2
0000a50a     294 (0000a500)     _voltage2
0000a50c     294 (0000a500)     _current3
0000a50e     294 (0000a500)     _a1
0000a510     294 (0000a500)     _b1
0000a512     294 (0000a500)     _c1
0000a514     294 (0000a500)     _u1
0000a518     294 (0000a500)     _u2
0000a51c     294 (0000a500)     _e1
0000a522     294 (0000a500)     _e2
0000a528     294 (0000a500)     _CpuTimer1
0000a530     294 (0000a500)     _CpuTimer2
0000a538     294 (0000a500)     _CpuTimer0

0000a540     295 (0000a540)     ___TI_enable_exit_profile_output
0000a542     295 (0000a540)     ___TI_cleanup_ptr
0000a544     295 (0000a540)     ___TI_dtors_ptr
0000a546     295 (0000a540)     __lock
0000a548     295 (0000a540)     __unlock

003d7e80    f5fa (003d7e80)     _PartIdRegs

003f7ff8    fdff (003f7fc0)     _CsmPwl


GLOBAL SYMBOLS: SORTED ALPHABETICALLY BY Name 

page  address   name                            
----  -------   ----                            
0     0000c000  .text                           
0     0000cc29  C$$EXIT                         
0     0000ccfb  FS$$DIV                         
0     0000c0be  _ADCINT1_ISR                    
0     0000c0c8  _ADCINT2_ISR                    
0     0000c2d0  _ADCINT3_ISR                    
0     0000c2da  _ADCINT4_ISR                    
0     0000c2e4  _ADCINT5_ISR                    
0     0000c2ee  _ADCINT6_ISR                    
0     0000c2f8  _ADCINT7_ISR                    
0     0000c302  _ADCINT8_ISR                    
0     0000c0e6  _ADCINT9_ISR                    
0     0000c40f  _AdcChanSelect                  
0     0000c484  _AdcConversion                  
0     0000c3e8  _AdcOffsetSelfCal               
1     00007100  _AdcRegs                        
1     00000b00  _AdcResult                      
0     0000c30c  _CLA1_INT1_ISR                  
0     0000c316  _CLA1_INT2_ISR                  
0     0000c320  _CLA1_INT3_ISR                  
0     0000c32a  _CLA1_INT4_ISR                  
0     0000c334  _CLA1_INT5_ISR                  
0     0000c33e  _CLA1_INT6_ISR                  
0     0000c348  _CLA1_INT7_ISR                  
0     0000c352  _CLA1_INT8_ISR                  
0     00009000  _Cla1Prog_Start                 
1     00001400  _Cla1Regs                       
0     00009162  _Cla1Task1                      
0     0000916a  _Cla1Task2                      
0     00009172  _Cla1Task3                      
0     0000917a  _Cla1Task4                      
0     00009182  _Cla1Task5                      
0     0000918a  _Cla1Task6                      
0     00009000  _Cla1Task7                      
0     000090dc  _Cla1Task8                      
0     00009192  _Cla1funcsLoadEnd               
abs   00000192  _Cla1funcsLoadSize              
0     00009000  _Cla1funcsLoadStart             
0     00009000  _Cla1funcsRunStart              
1     00008c00  _Cla1mathTablesLoadEnd          
abs   00000000  _Cla1mathTablesLoadSize         
1     00008c00  _Cla1mathTablesLoadStart        
1     00008c00  _Cla1mathTablesRunStart         
1     00006400  _Comp1Regs                      
1     00006420  _Comp2Regs                      
1     00006440  _Comp3Regs                      
0     0000cb98  _ConfigCpuTimer                 
1     0000a538  _CpuTimer0                      
1     00000c00  _CpuTimer0Regs                  
1     0000a528  _CpuTimer1                      
1     00000c08  _CpuTimer1Regs                  
1     0000a530  _CpuTimer2                      
1     00000c10  _CpuTimer2Regs                  
1     003f7ff8  _CsmPwl                         
1     00000ae0  _CsmRegs                        
0     0000c889  _CsmUnlock                      
0     0000c014  _DATALOG_ISR                    
0     0000c244  _DINTCH1_ISR                    
0     0000c24e  _DINTCH2_ISR                    
0     0000c258  _DINTCH3_ISR                    
0     0000c262  _DINTCH4_ISR                    
0     0000c26c  _DINTCH5_ISR                    
0     0000c276  _DINTCH6_ISR                    
0     000000c1  _DSP28x_usDelay                 
1     00000880  _DevEmuRegs                     
0     0000c7a8  _DisableDog                     
1     00001000  _DmaRegs                        
0     0000c2bc  _ECAN0INTA_ISR                  
0     0000c2c6  _ECAN1INTA_ISR                  
0     0000c1a4  _ECAP1_INT_ISR                  
0     0000c1ae  _ECAP2_INT_ISR                  
0     0000c1b8  _ECAP3_INT_ISR                  
1     00006040  _ECanaLAMRegs                   
1     000060c0  _ECanaMOTORegs                  
1     00006080  _ECanaMOTSRegs                  
1     00006100  _ECanaMboxes                    
1     00006000  _ECanaRegs                      
1     00006a00  _ECap1Regs                      
1     00006a20  _ECap2Regs                      
1     00006a40  _ECap3Regs                      
0     0000c37a  _EMPTY_ISR                      
0     0000c028  _EMUINT_ISR                     
0     0000c154  _EPWM1_INT_ISR                  
0     0000c104  _EPWM1_TZINT_ISR                
0     0000c15e  _EPWM2_INT_ISR                  
0     0000c10e  _EPWM2_TZINT_ISR                
0     0000c168  _EPWM3_INT_ISR                  
0     0000c118  _EPWM3_TZINT_ISR                
0     0000c172  _EPWM4_INT_ISR                  
0     0000c122  _EPWM4_TZINT_ISR                
0     0000c17c  _EPWM5_INT_ISR                  
0     0000c12c  _EPWM5_TZINT_ISR                
0     0000c186  _EPWM6_INT_ISR                  
0     0000c136  _EPWM6_TZINT_ISR                
0     0000c190  _EPWM7_INT_ISR                  
0     0000c140  _EPWM7_TZINT_ISR                
0     0000c19a  _EPWM8_INT_ISR                  
0     0000c14a  _EPWM8_TZINT_ISR                
1     00006800  _EPwm1Regs                      
1     00006840  _EPwm2Regs                      
1     00006880  _EPwm3Regs                      
1     000068c0  _EPwm4Regs                      
1     00006900  _EPwm5Regs                      
1     00006940  _EPwm6Regs                      
1     00006980  _EPwm7Regs                      
1     000069c0  _EPwm8Regs                      
0     0000c1d6  _EQEP1_INT_ISR                  
0     0000c1e0  _EQEP2_INT_ISR                  
1     00006b00  _EQep1Regs                      
1     00006b40  _EQep2Regs                      
1     00000d01  _EmuBMode                       
1     00000d00  _EmuKey                         
0     0000cc71  _EnableInterrupts               
0     0000c900  _ExtOscSel                      
1     00000a80  _FlashRegs                      
1     00000d04  _Flash_CPUScaleFactor           
1     00000d02  _Flash_CallbackPtr              
1     00006f80  _GpioCtrlRegs                   
1     00006fc0  _GpioDataRegs                   
1     00006fe0  _GpioIntRegs                    
0     0000c1c2  _HRCAP1_INT_ISR                 
0     0000c1cc  _HRCAP2_INT_ISR                 
0     0000c1ea  _HRCAP3_INT_ISR                 
0     0000c1f4  _HRCAP4_INT_ISR                 
1     00006ac0  _HRCap1Regs                     
1     00006ae0  _HRCap2Regs                     
1     00006c80  _HRCap3Regs                     
1     00006ca0  _HRCap4Regs                     
0     0000c280  _I2CINT1A_ISR                   
0     0000c28a  _I2CINT2A_ISR                   
1     00007900  _I2caRegs                       
0     0000c03c  _ILLEGAL_ISR                    
0     0000c000  _INT13_ISR                      
0     0000c00a  _INT14_ISR                      
0     0000c39b  _InitAdc                        
0     0000c3c6  _InitAdcAio                     
0     0000cb5d  _InitCpuTimers                  
0     0000ca85  _InitEPwm                       
0     0000ca97  _InitEPwm1Gpio                  
0     0000caa9  _InitEPwm2Gpio                  
0     0000cabb  _InitEPwm3Gpio                  
0     0000cacf  _InitEPwm4Gpio                  
0     0000cae3  _InitEPwm5Gpio                  
0     0000caf5  _InitEPwm6Gpio                  
0     0000cb07  _InitEPwm7Gpio                  
0     0000cb19  _InitEPwm8Gpio                  
0     0000ca86  _InitEPwmGpio                   
0     0000cb2b  _InitEPwmSyncGpio               
0     0000cd14  _InitGpio                       
0     0000c833  _InitPeripheralClocks           
0     0000cc52  _InitPieCtrl                    
0     0000cc7a  _InitPieVectTable               
0     0000c7b0  _InitPll                        
0     0000c805  _InitPll2                       
0     0000c784  _InitSysCtrl                    
0     0000cb3c  _InitTzGpio                     
0     0000c8ba  _IntOsc1Sel                     
0     0000c8ca  _IntOsc2Sel                     
0     0000c370  _LUF_ISR                        
0     0000c366  _LVF_ISR                        
0     0000c230  _MRINTA_ISR                     
0     0000c23a  _MXINTA_ISR                     
1     00005000  _McbspaRegs                     
0     0000c032  _NMI_ISR                        
1     00007060  _NmiIntruptRegs                 
0     0000c387  _PIE_RESERVED                   
1     003d7e80  _PartIdRegs                     
1     00000ce0  _PieCtrlRegs                    
1     00000d00  _PieVectTable                   
1     0000a400  _PieVectTableInit               
0     0000c01e  _RTOSINT_ISR                    
0     0000c294  _SCIRXINTA_ISR                  
0     0000c2a8  _SCIRXINTB_ISR                  
0     0000c29e  _SCITXINTA_ISR                  
0     0000c2b2  _SCITXINTB_ISR                  
0     0000c208  _SPIRXINTA_ISR                  
0     0000c21c  _SPIRXINTB_ISR                  
0     0000c212  _SPITXINTA_ISR                  
0     0000c226  _SPITXINTB_ISR                  
1     00001481  _SampleCount                    
1     00001482  _SampleCount2                   
1     00007050  _SciaRegs                       
1     00007750  _ScibRegs                       
0     0000c79e  _ServiceDog                     
1     00007040  _SpiaRegs                       
1     00007740  _SpibRegs                       
1     00007010  _SysCtrlRegs                    
1     00000985  _SysPwrCtrlRegs                 
0     0000c0f0  _TINT0_ISR                      
0     0000c1fe  _USB0_INT_ISR                   
0     0000c0a0  _USER10_ISR                     
0     0000c0aa  _USER11_ISR                     
0     0000c0b4  _USER12_ISR                     
0     0000c046  _USER1_ISR                      
0     0000c050  _USER2_ISR                      
0     0000c05a  _USER3_ISR                      
0     0000c064  _USER4_ISR                      
0     0000c06e  _USER5_ISR                      
0     0000c078  _USER6_ISR                      
0     0000c082  _USER7_ISR                      
0     0000c08c  _USER8_ISR                      
0     0000c096  _USER9_ISR                      
1     00004000  _Usb0Regs                       
0     0000c0fa  _WAKEINT_ISR                    
0     0000c0d2  _XINT1_ISR                      
0     0000c0dc  _XINT2_ISR                      
0     0000c35c  _XINT3_ISR                      
1     00007070  _XIntruptRegs                   
0     0000c8e4  _XtalOscSel                     
1     0000a400  __STACK_END                     
abs   00000400  __STACK_SIZE                    
1     0000a542  ___TI_cleanup_ptr               
1     0000a544  ___TI_dtors_ptr                 
1     0000a540  ___TI_enable_exit_profile_output
abs   ffffffff  ___TI_pprof_out_hndl            
abs   ffffffff  ___TI_prof_data_size            
abs   ffffffff  ___TI_prof_data_start           
abs   ffffffff  ___binit__                      
abs   ffffffff  ___c_args__                     
0     00000050  ___cinit__                      
0     0000cd3d  ___etext__                      
abs   ffffffff  ___pinit__                      
0     0000c000  ___text__                       
0     0000cce2  __args_main                     
1     0000a546  __lock                          
0     0000cd31  __nop                           
0     0000cd2d  __register_lock                 
0     0000cd29  __register_unlock               
1     0000a000  __stack                         
0     0000cd3c  __system_post_cinit             
0     0000cd3a  __system_pre_init               
1     0000a548  __unlock                        
1     0000a50e  _a1                             
1     0000a502  _a2                             
0     0000cc29  _abort                          
1     00001480  _adcCount                       
1     0000a510  _b1                             
1     0000a508  _b2                             
1     0000a512  _c1                             
1     0000a506  _c2                             
0     0000cbd3  _c_int00                        
0     0000c916  _cla1_isr7                      
1     00008c00  _claTask8Count                  
0     0000c981  _controller                     
1     0000a501  _controllerCount                
0     0000cca0  _copy_in                        
1     0000a50c  _current3                       
1     00001486  _current3Sum                    
1     00008900  _current3Val                    
1     0000a51c  _e1                             
1     0000a522  _e2                             
0     0000cc2b  _exit                           
0     0000c647  _init_adc                       
0     0000c617  _init_cla                       
0     0000c775  _init_cputimers                 
0     0000c6ba  _init_epwm1                     
0     0000c6e0  _init_epwm4                     
0     0000c70f  _init_epwm5                     
0     0000c73f  _init_epwm6                     
0     0000c5e7  _init_gpio                      
0     0000c5f3  _init_interrupts                
0     0000c6a3  _init_pwm                       
1     0000a504  _integral                       
0     0000c5d5  _main                           
1     0000a500  _mainCount                      
0     0000ccc4  _memcpy                         
0     0000c391  _rsvd_ISR                       
1     0000a514  _u1                             
1     0000a518  _u2                             
1     0000a50a  _voltage2                       
1     00001484  _voltage2Sum                    
1     00008901  _voltage2Val                    
abs   ffffffff  binit                           
0     00000050  cinit                           
0     00000000  code_start                      
0     0000cd3d  etext                           
abs   ffffffff  pinit                           


GLOBAL SYMBOLS: SORTED BY Symbol Address 

page  address   name                            
----  -------   ----                            
0     00000000  code_start                      
0     00000050  ___cinit__                      
0     00000050  cinit                           
0     000000c1  _DSP28x_usDelay                 
0     00009000  _Cla1Prog_Start                 
0     00009000  _Cla1Task7                      
0     00009000  _Cla1funcsLoadStart             
0     00009000  _Cla1funcsRunStart              
0     000090dc  _Cla1Task8                      
0     00009162  _Cla1Task1                      
0     0000916a  _Cla1Task2                      
0     00009172  _Cla1Task3                      
0     0000917a  _Cla1Task4                      
0     00009182  _Cla1Task5                      
0     0000918a  _Cla1Task6                      
0     00009192  _Cla1funcsLoadEnd               
0     0000c000  .text                           
0     0000c000  _INT13_ISR                      
0     0000c000  ___text__                       
0     0000c00a  _INT14_ISR                      
0     0000c014  _DATALOG_ISR                    
0     0000c01e  _RTOSINT_ISR                    
0     0000c028  _EMUINT_ISR                     
0     0000c032  _NMI_ISR                        
0     0000c03c  _ILLEGAL_ISR                    
0     0000c046  _USER1_ISR                      
0     0000c050  _USER2_ISR                      
0     0000c05a  _USER3_ISR                      
0     0000c064  _USER4_ISR                      
0     0000c06e  _USER5_ISR                      
0     0000c078  _USER6_ISR                      
0     0000c082  _USER7_ISR                      
0     0000c08c  _USER8_ISR                      
0     0000c096  _USER9_ISR                      
0     0000c0a0  _USER10_ISR                     
0     0000c0aa  _USER11_ISR                     
0     0000c0b4  _USER12_ISR                     
0     0000c0be  _ADCINT1_ISR                    
0     0000c0c8  _ADCINT2_ISR                    
0     0000c0d2  _XINT1_ISR                      
0     0000c0dc  _XINT2_ISR                      
0     0000c0e6  _ADCINT9_ISR                    
0     0000c0f0  _TINT0_ISR                      
0     0000c0fa  _WAKEINT_ISR                    
0     0000c104  _EPWM1_TZINT_ISR                
0     0000c10e  _EPWM2_TZINT_ISR                
0     0000c118  _EPWM3_TZINT_ISR                
0     0000c122  _EPWM4_TZINT_ISR                
0     0000c12c  _EPWM5_TZINT_ISR                
0     0000c136  _EPWM6_TZINT_ISR                
0     0000c140  _EPWM7_TZINT_ISR                
0     0000c14a  _EPWM8_TZINT_ISR                
0     0000c154  _EPWM1_INT_ISR                  
0     0000c15e  _EPWM2_INT_ISR                  
0     0000c168  _EPWM3_INT_ISR                  
0     0000c172  _EPWM4_INT_ISR                  
0     0000c17c  _EPWM5_INT_ISR                  
0     0000c186  _EPWM6_INT_ISR                  
0     0000c190  _EPWM7_INT_ISR                  
0     0000c19a  _EPWM8_INT_ISR                  
0     0000c1a4  _ECAP1_INT_ISR                  
0     0000c1ae  _ECAP2_INT_ISR                  
0     0000c1b8  _ECAP3_INT_ISR                  
0     0000c1c2  _HRCAP1_INT_ISR                 
0     0000c1cc  _HRCAP2_INT_ISR                 
0     0000c1d6  _EQEP1_INT_ISR                  
0     0000c1e0  _EQEP2_INT_ISR                  
0     0000c1ea  _HRCAP3_INT_ISR                 
0     0000c1f4  _HRCAP4_INT_ISR                 
0     0000c1fe  _USB0_INT_ISR                   
0     0000c208  _SPIRXINTA_ISR                  
0     0000c212  _SPITXINTA_ISR                  
0     0000c21c  _SPIRXINTB_ISR                  
0     0000c226  _SPITXINTB_ISR                  
0     0000c230  _MRINTA_ISR                     
0     0000c23a  _MXINTA_ISR                     
0     0000c244  _DINTCH1_ISR                    
0     0000c24e  _DINTCH2_ISR                    
0     0000c258  _DINTCH3_ISR                    
0     0000c262  _DINTCH4_ISR                    
0     0000c26c  _DINTCH5_ISR                    
0     0000c276  _DINTCH6_ISR                    
0     0000c280  _I2CINT1A_ISR                   
0     0000c28a  _I2CINT2A_ISR                   
0     0000c294  _SCIRXINTA_ISR                  
0     0000c29e  _SCITXINTA_ISR                  
0     0000c2a8  _SCIRXINTB_ISR                  
0     0000c2b2  _SCITXINTB_ISR                  
0     0000c2bc  _ECAN0INTA_ISR                  
0     0000c2c6  _ECAN1INTA_ISR                  
0     0000c2d0  _ADCINT3_ISR                    
0     0000c2da  _ADCINT4_ISR                    
0     0000c2e4  _ADCINT5_ISR                    
0     0000c2ee  _ADCINT6_ISR                    
0     0000c2f8  _ADCINT7_ISR                    
0     0000c302  _ADCINT8_ISR                    
0     0000c30c  _CLA1_INT1_ISR                  
0     0000c316  _CLA1_INT2_ISR                  
0     0000c320  _CLA1_INT3_ISR                  
0     0000c32a  _CLA1_INT4_ISR                  
0     0000c334  _CLA1_INT5_ISR                  
0     0000c33e  _CLA1_INT6_ISR                  
0     0000c348  _CLA1_INT7_ISR                  
0     0000c352  _CLA1_INT8_ISR                  
0     0000c35c  _XINT3_ISR                      
0     0000c366  _LVF_ISR                        
0     0000c370  _LUF_ISR                        
0     0000c37a  _EMPTY_ISR                      
0     0000c387  _PIE_RESERVED                   
0     0000c391  _rsvd_ISR                       
0     0000c39b  _InitAdc                        
0     0000c3c6  _InitAdcAio                     
0     0000c3e8  _AdcOffsetSelfCal               
0     0000c40f  _AdcChanSelect                  
0     0000c484  _AdcConversion                  
0     0000c5d5  _main                           
0     0000c5e7  _init_gpio                      
0     0000c5f3  _init_interrupts                
0     0000c617  _init_cla                       
0     0000c647  _init_adc                       
0     0000c6a3  _init_pwm                       
0     0000c6ba  _init_epwm1                     
0     0000c6e0  _init_epwm4                     
0     0000c70f  _init_epwm5                     
0     0000c73f  _init_epwm6                     
0     0000c775  _init_cputimers                 
0     0000c784  _InitSysCtrl                    
0     0000c79e  _ServiceDog                     
0     0000c7a8  _DisableDog                     
0     0000c7b0  _InitPll                        
0     0000c805  _InitPll2                       
0     0000c833  _InitPeripheralClocks           
0     0000c889  _CsmUnlock                      
0     0000c8ba  _IntOsc1Sel                     
0     0000c8ca  _IntOsc2Sel                     
0     0000c8e4  _XtalOscSel                     
0     0000c900  _ExtOscSel                      
0     0000c916  _cla1_isr7                      
0     0000c981  _controller                     
0     0000ca85  _InitEPwm                       
0     0000ca86  _InitEPwmGpio                   
0     0000ca97  _InitEPwm1Gpio                  
0     0000caa9  _InitEPwm2Gpio                  
0     0000cabb  _InitEPwm3Gpio                  
0     0000cacf  _InitEPwm4Gpio                  
0     0000cae3  _InitEPwm5Gpio                  
0     0000caf5  _InitEPwm6Gpio                  
0     0000cb07  _InitEPwm7Gpio                  
0     0000cb19  _InitEPwm8Gpio                  
0     0000cb2b  _InitEPwmSyncGpio               
0     0000cb3c  _InitTzGpio                     
0     0000cb5d  _InitCpuTimers                  
0     0000cb98  _ConfigCpuTimer                 
0     0000cbd3  _c_int00                        
0     0000cc29  C$$EXIT                         
0     0000cc29  _abort                          
0     0000cc2b  _exit                           
0     0000cc52  _InitPieCtrl                    
0     0000cc71  _EnableInterrupts               
0     0000cc7a  _InitPieVectTable               
0     0000cca0  _copy_in                        
0     0000ccc4  _memcpy                         
0     0000cce2  __args_main                     
0     0000ccfb  FS$$DIV                         
0     0000cd14  _InitGpio                       
0     0000cd29  __register_unlock               
0     0000cd2d  __register_lock                 
0     0000cd31  __nop                           
0     0000cd3a  __system_pre_init               
0     0000cd3c  __system_post_cinit             
0     0000cd3d  ___etext__                      
0     0000cd3d  etext                           
1     00000880  _DevEmuRegs                     
1     00000985  _SysPwrCtrlRegs                 
1     00000a80  _FlashRegs                      
1     00000ae0  _CsmRegs                        
1     00000b00  _AdcResult                      
1     00000c00  _CpuTimer0Regs                  
1     00000c08  _CpuTimer1Regs                  
1     00000c10  _CpuTimer2Regs                  
1     00000ce0  _PieCtrlRegs                    
1     00000d00  _EmuKey                         
1     00000d00  _PieVectTable                   
1     00000d01  _EmuBMode                       
1     00000d02  _Flash_CallbackPtr              
1     00000d04  _Flash_CPUScaleFactor           
1     00001000  _DmaRegs                        
1     00001400  _Cla1Regs                       
1     00001480  _adcCount                       
1     00001481  _SampleCount                    
1     00001482  _SampleCount2                   
1     00001484  _voltage2Sum                    
1     00001486  _current3Sum                    
1     00004000  _Usb0Regs                       
1     00005000  _McbspaRegs                     
1     00006000  _ECanaRegs                      
1     00006040  _ECanaLAMRegs                   
1     00006080  _ECanaMOTSRegs                  
1     000060c0  _ECanaMOTORegs                  
1     00006100  _ECanaMboxes                    
1     00006400  _Comp1Regs                      
1     00006420  _Comp2Regs                      
1     00006440  _Comp3Regs                      
1     00006800  _EPwm1Regs                      
1     00006840  _EPwm2Regs                      
1     00006880  _EPwm3Regs                      
1     000068c0  _EPwm4Regs                      
1     00006900  _EPwm5Regs                      
1     00006940  _EPwm6Regs                      
1     00006980  _EPwm7Regs                      
1     000069c0  _EPwm8Regs                      
1     00006a00  _ECap1Regs                      
1     00006a20  _ECap2Regs                      
1     00006a40  _ECap3Regs                      
1     00006ac0  _HRCap1Regs                     
1     00006ae0  _HRCap2Regs                     
1     00006b00  _EQep1Regs                      
1     00006b40  _EQep2Regs                      
1     00006c80  _HRCap3Regs                     
1     00006ca0  _HRCap4Regs                     
1     00006f80  _GpioCtrlRegs                   
1     00006fc0  _GpioDataRegs                   
1     00006fe0  _GpioIntRegs                    
1     00007010  _SysCtrlRegs                    
1     00007040  _SpiaRegs                       
1     00007050  _SciaRegs                       
1     00007060  _NmiIntruptRegs                 
1     00007070  _XIntruptRegs                   
1     00007100  _AdcRegs                        
1     00007740  _SpibRegs                       
1     00007750  _ScibRegs                       
1     00007900  _I2caRegs                       
1     00008900  _current3Val                    
1     00008901  _voltage2Val                    
1     00008c00  _Cla1mathTablesLoadEnd          
1     00008c00  _Cla1mathTablesLoadStart        
1     00008c00  _Cla1mathTablesRunStart         
1     00008c00  _claTask8Count                  
1     0000a000  __stack                         
1     0000a400  _PieVectTableInit               
1     0000a400  __STACK_END                     
1     0000a500  _mainCount                      
1     0000a501  _controllerCount                
1     0000a502  _a2                             
1     0000a504  _integral                       
1     0000a506  _c2                             
1     0000a508  _b2                             
1     0000a50a  _voltage2                       
1     0000a50c  _current3                       
1     0000a50e  _a1                             
1     0000a510  _b1                             
1     0000a512  _c1                             
1     0000a514  _u1                             
1     0000a518  _u2                             
1     0000a51c  _e1                             
1     0000a522  _e2                             
1     0000a528  _CpuTimer1                      
1     0000a530  _CpuTimer2                      
1     0000a538  _CpuTimer0                      
1     0000a540  ___TI_enable_exit_profile_output
1     0000a542  ___TI_cleanup_ptr               
1     0000a544  ___TI_dtors_ptr                 
1     0000a546  __lock                          
1     0000a548  __unlock                        
1     003d7e80  _PartIdRegs                     
1     003f7ff8  _CsmPwl                         
abs   00000000  _Cla1mathTablesLoadSize         
abs   00000192  _Cla1funcsLoadSize              
abs   00000400  __STACK_SIZE                    
abs   ffffffff  ___TI_pprof_out_hndl            
abs   ffffffff  ___TI_prof_data_size            
abs   ffffffff  ___TI_prof_data_start           
abs   ffffffff  ___binit__                      
abs   ffffffff  ___c_args__                     
abs   ffffffff  ___pinit__                      
abs   ffffffff  binit                           
abs   ffffffff  pinit                           

[277 symbols]
