<?xml version="1.0" encoding="ISO-8859-1" ?>
<link_info>
   <banner>TMS320C2000 Linker PC v18.1.1.LTS</banner>
   <copyright>Copyright (c) 1996-2017 Texas Instruments Incorporated</copyright>
   <link_time>0x5b0e74ca</link_time>
   <link_errors>0x0</link_errors>
   <output_file>wedmDSP.out</output_file>
   <entry_point>
      <name>code_start</name>
      <address>0x0</address>
   </entry_point>
   <input_file_list>
      <input_file id="fl-4">
         <path>.\</path>
         <kind>object</kind>
         <file>F2806x_Adc.obj</file>
         <name>F2806x_Adc.obj</name>
      </input_file>
      <input_file id="fl-5">
         <path>.\</path>
         <kind>object</kind>
         <file>F2806x_CodeStartBranch.obj</file>
         <name>F2806x_CodeStartBranch.obj</name>
      </input_file>
      <input_file id="fl-6">
         <path>.\</path>
         <kind>object</kind>
         <file>F2806x_CpuTimers.obj</file>
         <name>F2806x_CpuTimers.obj</name>
      </input_file>
      <input_file id="fl-7">
         <path>.\</path>
         <kind>object</kind>
         <file>F2806x_DefaultIsr.obj</file>
         <name>F2806x_DefaultIsr.obj</name>
      </input_file>
      <input_file id="fl-8">
         <path>.\</path>
         <kind>object</kind>
         <file>F2806x_EPwm.obj</file>
         <name>F2806x_EPwm.obj</name>
      </input_file>
      <input_file id="fl-9">
         <path>.\</path>
         <kind>object</kind>
         <file>F2806x_GlobalVariableDefs.obj</file>
         <name>F2806x_GlobalVariableDefs.obj</name>
      </input_file>
      <input_file id="fl-a">
         <path>.\</path>
         <kind>object</kind>
         <file>F2806x_PieCtrl.obj</file>
         <name>F2806x_PieCtrl.obj</name>
      </input_file>
      <input_file id="fl-b">
         <path>.\</path>
         <kind>object</kind>
         <file>F2806x_PieVect.obj</file>
         <name>F2806x_PieVect.obj</name>
      </input_file>
      <input_file id="fl-c">
         <path>.\</path>
         <kind>object</kind>
         <file>F2806x_SysCtrl.obj</file>
         <name>F2806x_SysCtrl.obj</name>
      </input_file>
      <input_file id="fl-d">
         <path>.\</path>
         <kind>object</kind>
         <file>F2806x_usDelay.obj</file>
         <name>F2806x_usDelay.obj</name>
      </input_file>
      <input_file id="fl-e">
         <path>.\</path>
         <kind>object</kind>
         <file>wedmDSP.obj</file>
         <name>wedmDSP.obj</name>
      </input_file>
      <input_file id="fl-13">
         <kind>object</kind>
         <file>&lt;internal&gt;</file>
         <name>&lt;internal&gt;</name>
      </input_file>
      <input_file id="fl-14">
         <path>C:\ti\ccsv8\tools\compiler\ti-cgt-c2000_18.1.1.LTS\lib\</path>
         <kind>archive</kind>
         <file>rts2800_fpu32.lib</file>
         <name>boot28.asm.obj</name>
      </input_file>
      <input_file id="fl-15">
         <path>C:\ti\ccsv8\tools\compiler\ti-cgt-c2000_18.1.1.LTS\lib\</path>
         <kind>archive</kind>
         <file>rts2800_fpu32.lib</file>
         <name>args_main.c.obj</name>
      </input_file>
      <input_file id="fl-16">
         <path>C:\ti\ccsv8\tools\compiler\ti-cgt-c2000_18.1.1.LTS\lib\</path>
         <kind>archive</kind>
         <file>rts2800_fpu32.lib</file>
         <name>startup.c.obj</name>
      </input_file>
      <input_file id="fl-17">
         <path>C:\ti\ccsv8\tools\compiler\ti-cgt-c2000_18.1.1.LTS\lib\</path>
         <kind>archive</kind>
         <file>rts2800_fpu32.lib</file>
         <name>pre_init.c.obj</name>
      </input_file>
      <input_file id="fl-18">
         <path>C:\ti\ccsv8\tools\compiler\ti-cgt-c2000_18.1.1.LTS\lib\</path>
         <kind>archive</kind>
         <file>rts2800_fpu32.lib</file>
         <name>cpy_tbl.c.obj</name>
      </input_file>
      <input_file id="fl-19">
         <path>C:\ti\ccsv8\tools\compiler\ti-cgt-c2000_18.1.1.LTS\lib\</path>
         <kind>archive</kind>
         <file>rts2800_fpu32.lib</file>
         <name>exit.c.obj</name>
      </input_file>
      <input_file id="fl-1a">
         <path>C:\ti\ccsv8\tools\compiler\ti-cgt-c2000_18.1.1.LTS\lib\</path>
         <kind>archive</kind>
         <file>rts2800_fpu32.lib</file>
         <name>_lock.c.obj</name>
      </input_file>
      <input_file id="fl-1b">
         <path>C:\ti\ccsv8\tools\compiler\ti-cgt-c2000_18.1.1.LTS\lib\</path>
         <kind>archive</kind>
         <file>rts2800_fpu32.lib</file>
         <name>memcpy.c.obj</name>
      </input_file>
   </input_file_list>
   <object_component_list>
      <object_component id="oc-50">
         <name>codestart</name>
         <load_address>0x0</load_address>
         <run_address>0x0</run_address>
         <size>0x2</size>
         <input_file_ref idref="fl-5"/>
      </object_component>
      <object_component id="oc-b6">
         <name>ramfuncs</name>
         <load_address>0x6a</load_address>
         <run_address>0x6a</run_address>
         <size>0x4</size>
         <input_file_ref idref="fl-d"/>
      </object_component>
      <object_component id="oc-62">
         <name>.text:retain</name>
         <load_address>0x8000</load_address>
         <run_address>0x8000</run_address>
         <size>0x39b</size>
         <input_file_ref idref="fl-7"/>
      </object_component>
      <object_component id="oc-fc">
         <name>.text</name>
         <load_address>0x839b</load_address>
         <run_address>0x839b</run_address>
         <size>0x23a</size>
         <input_file_ref idref="fl-4"/>
      </object_component>
      <object_component id="oc-f7">
         <name>.text</name>
         <load_address>0x85d5</load_address>
         <run_address>0x85d5</run_address>
         <size>0x192</size>
         <input_file_ref idref="fl-c"/>
      </object_component>
      <object_component id="oc-f4">
         <name>.text</name>
         <load_address>0x8767</load_address>
         <run_address>0x8767</run_address>
         <size>0x157</size>
         <input_file_ref idref="fl-e"/>
      </object_component>
      <object_component id="oc-f8">
         <name>.text</name>
         <load_address>0x88be</load_address>
         <run_address>0x88be</run_address>
         <size>0xd8</size>
         <input_file_ref idref="fl-8"/>
      </object_component>
      <object_component id="oc-fb">
         <name>.text</name>
         <load_address>0x8996</load_address>
         <run_address>0x8996</run_address>
         <size>0x76</size>
         <input_file_ref idref="fl-6"/>
      </object_component>
      <object_component id="oc-bd">
         <name>.text:retain</name>
         <load_address>0x8a0c</load_address>
         <run_address>0x8a0c</run_address>
         <size>0x58</size>
         <input_file_ref idref="fl-e"/>
      </object_component>
      <object_component id="oc-c2">
         <name>.text</name>
         <load_address>0x8a64</load_address>
         <run_address>0x8a64</run_address>
         <size>0x56</size>
         <input_file_ref idref="fl-14"/>
      </object_component>
      <object_component id="oc-f2">
         <name>.text</name>
         <load_address>0x8aba</load_address>
         <run_address>0x8aba</run_address>
         <size>0x29</size>
         <input_file_ref idref="fl-19"/>
      </object_component>
      <object_component id="oc-f9">
         <name>.text</name>
         <load_address>0x8ae3</load_address>
         <run_address>0x8ae3</run_address>
         <size>0x28</size>
         <input_file_ref idref="fl-a"/>
      </object_component>
      <object_component id="oc-fa">
         <name>.text</name>
         <load_address>0x8b0b</load_address>
         <run_address>0x8b0b</run_address>
         <size>0x26</size>
         <input_file_ref idref="fl-b"/>
      </object_component>
      <object_component id="oc-ef">
         <name>.text</name>
         <load_address>0x8b31</load_address>
         <run_address>0x8b31</run_address>
         <size>0x24</size>
         <input_file_ref idref="fl-18"/>
      </object_component>
      <object_component id="oc-f3">
         <name>.text</name>
         <load_address>0x8b55</load_address>
         <run_address>0x8b55</run_address>
         <size>0x1e</size>
         <input_file_ref idref="fl-1b"/>
      </object_component>
      <object_component id="oc-f1">
         <name>.text</name>
         <load_address>0x8b73</load_address>
         <run_address>0x8b73</run_address>
         <size>0x19</size>
         <input_file_ref idref="fl-15"/>
      </object_component>
      <object_component id="oc-fd">
         <name>.text</name>
         <load_address>0x8b8c</load_address>
         <run_address>0x8b8c</run_address>
         <size>0x9</size>
         <input_file_ref idref="fl-1a"/>
      </object_component>
      <object_component id="oc-56">
         <name>.text</name>
         <load_address>0x8b95</load_address>
         <run_address>0x8b95</run_address>
         <size>0x8</size>
         <input_file_ref idref="fl-5"/>
      </object_component>
      <object_component id="oc-ee">
         <name>.text</name>
         <load_address>0x8b9d</load_address>
         <run_address>0x8b9d</run_address>
         <size>0x2</size>
         <input_file_ref idref="fl-17"/>
      </object_component>
      <object_component id="oc-f0">
         <name>.text</name>
         <load_address>0x8b9f</load_address>
         <run_address>0x8b9f</run_address>
         <size>0x1</size>
         <input_file_ref idref="fl-16"/>
      </object_component>
      <object_component id="oc-de">
         <name>.cinit</name>
         <load_address>0x50</load_address>
         <run_address>0x50</run_address>
         <size>0xe</size>
         <input_file_ref idref="fl-19"/>
      </object_component>
      <object_component id="oc-f6">
         <name>.cinit:__lock</name>
         <load_address>0x5e</load_address>
         <run_address>0x5e</run_address>
         <size>0x5</size>
         <input_file_ref idref="fl-1a"/>
      </object_component>
      <object_component id="oc-fe">
         <name>.cinit:__unlock</name>
         <load_address>0x63</load_address>
         <run_address>0x63</run_address>
         <size>0x5</size>
         <input_file_ref idref="fl-1a"/>
      </object_component>
      <object_component id="oc-c4">
         <name>.reset</name>
         <load_address>0x3fffc0</load_address>
         <run_address>0x3fffc0</run_address>
         <size>0x2</size>
         <input_file_ref idref="fl-14"/>
      </object_component>
      <object_component id="oc-c3">
         <name>.stack</name>
         <uninitialized>true</uninitialized>
         <run_address>0x400</run_address>
         <size>0x0</size>
         <input_file_ref idref="fl-14"/>
      </object_component>
      <object_component id="oc-158">
         <name>.stack</name>
         <uninitialized>true</uninitialized>
         <run_address>0x400</run_address>
         <size>0x0</size>
      </object_component>
      <object_component id="oc-5c">
         <name>.ebss</name>
         <uninitialized>true</uninitialized>
         <run_address>0xa100</run_address>
         <size>0x18</size>
         <input_file_ref idref="fl-6"/>
      </object_component>
      <object_component id="oc-bc">
         <name>.ebss</name>
         <uninitialized>true</uninitialized>
         <run_address>0xa118</run_address>
         <size>0xb</size>
         <input_file_ref idref="fl-e"/>
      </object_component>
      <object_component id="oc-df">
         <name>.ebss</name>
         <uninitialized>true</uninitialized>
         <run_address>0xa124</run_address>
         <size>0x6</size>
         <input_file_ref idref="fl-19"/>
      </object_component>
      <object_component id="oc-100">
         <name>.ebss:__unlock</name>
         <uninitialized>true</uninitialized>
         <run_address>0xa12c</run_address>
         <size>0x2</size>
         <input_file_ref idref="fl-1a"/>
      </object_component>
      <object_component id="oc-f5">
         <name>.ebss:__lock</name>
         <uninitialized>true</uninitialized>
         <run_address>0xa12a</run_address>
         <size>0x2</size>
         <input_file_ref idref="fl-1a"/>
      </object_component>
      <object_component id="oc-ff">
         <name>.econst:_PieVectTableInit</name>
         <load_address>0xa000</load_address>
         <run_address>0xa000</run_address>
         <size>0x100</size>
         <input_file_ref idref="fl-b"/>
      </object_component>
      <object_component id="oc-a3">
         <name>PieVectTableFile</name>
         <uninitialized>true</uninitialized>
         <run_address>0xd00</run_address>
         <size>0x100</size>
         <input_file_ref idref="fl-9"/>
      </object_component>
      <object_component id="oc-6e">
         <name>EmuKeyVar</name>
         <uninitialized>true</uninitialized>
         <run_address>0xd00</run_address>
         <size>0x1</size>
         <input_file_ref idref="fl-9"/>
      </object_component>
      <object_component id="oc-6f">
         <name>EmuBModeVar</name>
         <uninitialized>true</uninitialized>
         <run_address>0xd01</run_address>
         <size>0x1</size>
         <input_file_ref idref="fl-9"/>
      </object_component>
      <object_component id="oc-70">
         <name>FlashCallbackVar</name>
         <uninitialized>true</uninitialized>
         <run_address>0xd02</run_address>
         <size>0x2</size>
         <input_file_ref idref="fl-9"/>
      </object_component>
      <object_component id="oc-71">
         <name>FlashScalingVar</name>
         <uninitialized>true</uninitialized>
         <run_address>0xd04</run_address>
         <size>0x2</size>
         <input_file_ref idref="fl-9"/>
      </object_component>
      <object_component id="oc-73">
         <name>DevEmuRegsFile</name>
         <uninitialized>true</uninitialized>
         <run_address>0x880</run_address>
         <size>0x4</size>
         <input_file_ref idref="fl-9"/>
      </object_component>
      <object_component id="oc-72">
         <name>SysPwrCtrlRegsFile</name>
         <uninitialized>true</uninitialized>
         <run_address>0x985</run_address>
         <size>0x3</size>
         <input_file_ref idref="fl-9"/>
      </object_component>
      <object_component id="oc-74">
         <name>FlashRegsFile</name>
         <uninitialized>true</uninitialized>
         <run_address>0xa80</run_address>
         <size>0x8</size>
         <input_file_ref idref="fl-9"/>
      </object_component>
      <object_component id="oc-7e">
         <name>CsmRegsFile</name>
         <uninitialized>true</uninitialized>
         <run_address>0xae0</run_address>
         <size>0x10</size>
         <input_file_ref idref="fl-9"/>
      </object_component>
      <object_component id="oc-7b">
         <name>AdcResultFile</name>
         <uninitialized>true</uninitialized>
         <run_address>0xb00</run_address>
         <size>0x10</size>
         <input_file_ref idref="fl-9"/>
      </object_component>
      <object_component id="oc-75">
         <name>CpuTimer0RegsFile</name>
         <uninitialized>true</uninitialized>
         <run_address>0xc00</run_address>
         <size>0x8</size>
         <input_file_ref idref="fl-9"/>
      </object_component>
      <object_component id="oc-78">
         <name>CpuTimer1RegsFile</name>
         <uninitialized>true</uninitialized>
         <run_address>0xc08</run_address>
         <size>0x8</size>
         <input_file_ref idref="fl-9"/>
      </object_component>
      <object_component id="oc-76">
         <name>CpuTimer2RegsFile</name>
         <uninitialized>true</uninitialized>
         <run_address>0xc10</run_address>
         <size>0x8</size>
         <input_file_ref idref="fl-9"/>
      </object_component>
      <object_component id="oc-84">
         <name>PieCtrlRegsFile</name>
         <uninitialized>true</uninitialized>
         <run_address>0xce0</run_address>
         <size>0x1a</size>
         <input_file_ref idref="fl-9"/>
      </object_component>
      <object_component id="oc-99">
         <name>Cla1RegsFile</name>
         <uninitialized>true</uninitialized>
         <run_address>0x1400</run_address>
         <size>0x40</size>
         <input_file_ref idref="fl-9"/>
      </object_component>
      <object_component id="oc-a2">
         <name>DmaRegsFile</name>
         <uninitialized>true</uninitialized>
         <run_address>0x1000</run_address>
         <size>0xe0</size>
         <input_file_ref idref="fl-9"/>
      </object_component>
      <object_component id="oc-93">
         <name>ECanaRegsFile</name>
         <uninitialized>true</uninitialized>
         <run_address>0x6000</run_address>
         <size>0x34</size>
         <input_file_ref idref="fl-9"/>
      </object_component>
      <object_component id="oc-97">
         <name>ECanaLAMRegsFile</name>
         <uninitialized>true</uninitialized>
         <run_address>0x6040</run_address>
         <size>0x40</size>
         <input_file_ref idref="fl-9"/>
      </object_component>
      <object_component id="oc-a4">
         <name>ECanaMboxesFile</name>
         <uninitialized>true</uninitialized>
         <run_address>0x6100</run_address>
         <size>0x100</size>
         <input_file_ref idref="fl-9"/>
      </object_component>
      <object_component id="oc-98">
         <name>ECanaMOTSRegsFile</name>
         <uninitialized>true</uninitialized>
         <run_address>0x6080</run_address>
         <size>0x40</size>
         <input_file_ref idref="fl-9"/>
      </object_component>
      <object_component id="oc-94">
         <name>ECanaMOTORegsFile</name>
         <uninitialized>true</uninitialized>
         <run_address>0x60c0</run_address>
         <size>0x40</size>
         <input_file_ref idref="fl-9"/>
      </object_component>
      <object_component id="oc-8c">
         <name>ECap1RegsFile</name>
         <uninitialized>true</uninitialized>
         <run_address>0x6a00</run_address>
         <size>0x20</size>
         <input_file_ref idref="fl-9"/>
      </object_component>
      <object_component id="oc-8b">
         <name>ECap2RegsFile</name>
         <uninitialized>true</uninitialized>
         <run_address>0x6a20</run_address>
         <size>0x20</size>
         <input_file_ref idref="fl-9"/>
      </object_component>
      <object_component id="oc-8d">
         <name>ECap3RegsFile</name>
         <uninitialized>true</uninitialized>
         <run_address>0x6a40</run_address>
         <size>0x20</size>
         <input_file_ref idref="fl-9"/>
      </object_component>
      <object_component id="oc-90">
         <name>EQep1RegsFile</name>
         <uninitialized>true</uninitialized>
         <run_address>0x6b00</run_address>
         <size>0x22</size>
         <input_file_ref idref="fl-9"/>
      </object_component>
      <object_component id="oc-8e">
         <name>EQep2RegsFile</name>
         <uninitialized>true</uninitialized>
         <run_address>0x6b40</run_address>
         <size>0x22</size>
         <input_file_ref idref="fl-9"/>
      </object_component>
      <object_component id="oc-9c">
         <name>GpioCtrlRegsFile</name>
         <uninitialized>true</uninitialized>
         <run_address>0x6f80</run_address>
         <size>0x40</size>
         <input_file_ref idref="fl-9"/>
      </object_component>
      <object_component id="oc-86">
         <name>GpioDataRegsFile</name>
         <uninitialized>true</uninitialized>
         <run_address>0x6fc0</run_address>
         <size>0x20</size>
         <input_file_ref idref="fl-9"/>
      </object_component>
      <object_component id="oc-85">
         <name>GpioIntRegsFile</name>
         <uninitialized>true</uninitialized>
         <run_address>0x6fe0</run_address>
         <size>0x20</size>
         <input_file_ref idref="fl-9"/>
      </object_component>
      <object_component id="oc-89">
         <name>HRCap1RegsFile</name>
         <uninitialized>true</uninitialized>
         <run_address>0x6ac0</run_address>
         <size>0x20</size>
         <input_file_ref idref="fl-9"/>
      </object_component>
      <object_component id="oc-8a">
         <name>HRCap2RegsFile</name>
         <uninitialized>true</uninitialized>
         <run_address>0x6ae0</run_address>
         <size>0x20</size>
         <input_file_ref idref="fl-9"/>
      </object_component>
      <object_component id="oc-87">
         <name>HRCap3RegsFile</name>
         <uninitialized>true</uninitialized>
         <run_address>0x6c80</run_address>
         <size>0x20</size>
         <input_file_ref idref="fl-9"/>
      </object_component>
      <object_component id="oc-88">
         <name>HRCap4RegsFile</name>
         <uninitialized>true</uninitialized>
         <run_address>0x6ca0</run_address>
         <size>0x20</size>
         <input_file_ref idref="fl-9"/>
      </object_component>
      <object_component id="oc-92">
         <name>SysCtrlRegsFile</name>
         <uninitialized>true</uninitialized>
         <run_address>0x7010</run_address>
         <size>0x30</size>
         <input_file_ref idref="fl-9"/>
      </object_component>
      <object_component id="oc-7a">
         <name>SpiaRegsFile</name>
         <uninitialized>true</uninitialized>
         <run_address>0x7040</run_address>
         <size>0x10</size>
         <input_file_ref idref="fl-9"/>
      </object_component>
      <object_component id="oc-7f">
         <name>SpibRegsFile</name>
         <uninitialized>true</uninitialized>
         <run_address>0x7740</run_address>
         <size>0x10</size>
         <input_file_ref idref="fl-9"/>
      </object_component>
      <object_component id="oc-7c">
         <name>SciaRegsFile</name>
         <uninitialized>true</uninitialized>
         <run_address>0x7050</run_address>
         <size>0x10</size>
         <input_file_ref idref="fl-9"/>
      </object_component>
      <object_component id="oc-79">
         <name>ScibRegsFile</name>
         <uninitialized>true</uninitialized>
         <run_address>0x7750</run_address>
         <size>0x10</size>
         <input_file_ref idref="fl-9"/>
      </object_component>
      <object_component id="oc-7d">
         <name>NmiIntruptRegsFile</name>
         <uninitialized>true</uninitialized>
         <run_address>0x7060</run_address>
         <size>0x10</size>
         <input_file_ref idref="fl-9"/>
      </object_component>
      <object_component id="oc-80">
         <name>XIntruptRegsFile</name>
         <uninitialized>true</uninitialized>
         <run_address>0x7070</run_address>
         <size>0x10</size>
         <input_file_ref idref="fl-9"/>
      </object_component>
      <object_component id="oc-a1">
         <name>AdcRegsFile</name>
         <uninitialized>true</uninitialized>
         <run_address>0x7100</run_address>
         <size>0x50</size>
         <input_file_ref idref="fl-9"/>
      </object_component>
      <object_component id="oc-8f">
         <name>I2caRegsFile</name>
         <uninitialized>true</uninitialized>
         <run_address>0x7900</run_address>
         <size>0x22</size>
         <input_file_ref idref="fl-9"/>
      </object_component>
      <object_component id="oc-82">
         <name>Comp1RegsFile</name>
         <uninitialized>true</uninitialized>
         <run_address>0x6400</run_address>
         <size>0x14</size>
         <input_file_ref idref="fl-9"/>
      </object_component>
      <object_component id="oc-81">
         <name>Comp2RegsFile</name>
         <uninitialized>true</uninitialized>
         <run_address>0x6420</run_address>
         <size>0x14</size>
         <input_file_ref idref="fl-9"/>
      </object_component>
      <object_component id="oc-83">
         <name>Comp3RegsFile</name>
         <uninitialized>true</uninitialized>
         <run_address>0x6440</run_address>
         <size>0x14</size>
         <input_file_ref idref="fl-9"/>
      </object_component>
      <object_component id="oc-96">
         <name>EPwm1RegsFile</name>
         <uninitialized>true</uninitialized>
         <run_address>0x6800</run_address>
         <size>0x40</size>
         <input_file_ref idref="fl-9"/>
      </object_component>
      <object_component id="oc-95">
         <name>EPwm2RegsFile</name>
         <uninitialized>true</uninitialized>
         <run_address>0x6840</run_address>
         <size>0x40</size>
         <input_file_ref idref="fl-9"/>
      </object_component>
      <object_component id="oc-a0">
         <name>EPwm3RegsFile</name>
         <uninitialized>true</uninitialized>
         <run_address>0x6880</run_address>
         <size>0x40</size>
         <input_file_ref idref="fl-9"/>
      </object_component>
      <object_component id="oc-9e">
         <name>EPwm4RegsFile</name>
         <uninitialized>true</uninitialized>
         <run_address>0x68c0</run_address>
         <size>0x40</size>
         <input_file_ref idref="fl-9"/>
      </object_component>
      <object_component id="oc-9f">
         <name>EPwm5RegsFile</name>
         <uninitialized>true</uninitialized>
         <run_address>0x6900</run_address>
         <size>0x40</size>
         <input_file_ref idref="fl-9"/>
      </object_component>
      <object_component id="oc-9b">
         <name>EPwm6RegsFile</name>
         <uninitialized>true</uninitialized>
         <run_address>0x6940</run_address>
         <size>0x40</size>
         <input_file_ref idref="fl-9"/>
      </object_component>
      <object_component id="oc-9a">
         <name>EPwm7RegsFile</name>
         <uninitialized>true</uninitialized>
         <run_address>0x6980</run_address>
         <size>0x40</size>
         <input_file_ref idref="fl-9"/>
      </object_component>
      <object_component id="oc-9d">
         <name>EPwm8RegsFile</name>
         <uninitialized>true</uninitialized>
         <run_address>0x69c0</run_address>
         <size>0x40</size>
         <input_file_ref idref="fl-9"/>
      </object_component>
      <object_component id="oc-91">
         <name>McbspaRegsFile</name>
         <uninitialized>true</uninitialized>
         <run_address>0x5000</run_address>
         <size>0x24</size>
         <input_file_ref idref="fl-9"/>
      </object_component>
      <object_component id="oc-a5">
         <name>Usb0RegsFile</name>
         <uninitialized>true</uninitialized>
         <run_address>0x4000</run_address>
         <size>0x454</size>
         <input_file_ref idref="fl-9"/>
      </object_component>
      <object_component id="oc-77">
         <name>CsmPwlFile</name>
         <uninitialized>true</uninitialized>
         <run_address>0x3f7ff8</run_address>
         <size>0x8</size>
         <input_file_ref idref="fl-9"/>
      </object_component>
      <object_component id="oc-6d">
         <name>PartIdRegsFile</name>
         <uninitialized>true</uninitialized>
         <run_address>0x3d7e80</run_address>
         <size>0x1</size>
         <input_file_ref idref="fl-9"/>
      </object_component>
      <object_component id="oc-51">
         <name>.debug_info</name>
         <load_address>0x0</load_address>
         <run_address>0x0</run_address>
         <size>0x4f3e</size>
         <input_file_ref idref="fl-4"/>
      </object_component>
      <object_component id="oc-57">
         <name>.debug_info</name>
         <load_address>0x4f3e</load_address>
         <run_address>0x4f3e</run_address>
         <size>0x204</size>
         <input_file_ref idref="fl-5"/>
      </object_component>
      <object_component id="oc-5b">
         <name>.debug_info</name>
         <load_address>0x5142</load_address>
         <run_address>0x5142</run_address>
         <size>0xb15</size>
         <input_file_ref idref="fl-6"/>
      </object_component>
      <object_component id="oc-61">
         <name>.debug_info</name>
         <load_address>0x5c57</load_address>
         <run_address>0x5c57</run_address>
         <size>0x5394</size>
         <input_file_ref idref="fl-7"/>
      </object_component>
      <object_component id="oc-67">
         <name>.debug_info</name>
         <load_address>0xafeb</load_address>
         <run_address>0xafeb</run_address>
         <size>0x2400</size>
         <input_file_ref idref="fl-8"/>
      </object_component>
      <object_component id="oc-6c">
         <name>.debug_info</name>
         <load_address>0xd3eb</load_address>
         <run_address>0xd3eb</run_address>
         <size>0x1b08d</size>
         <input_file_ref idref="fl-9"/>
      </object_component>
      <object_component id="oc-a7">
         <name>.debug_info</name>
         <load_address>0x28478</load_address>
         <run_address>0x28478</run_address>
         <size>0xcaf</size>
         <input_file_ref idref="fl-a"/>
      </object_component>
      <object_component id="oc-ac">
         <name>.debug_info</name>
         <load_address>0x29127</load_address>
         <run_address>0x29127</run_address>
         <size>0x256c</size>
         <input_file_ref idref="fl-b"/>
      </object_component>
      <object_component id="oc-b1">
         <name>.debug_info</name>
         <load_address>0x2b693</load_address>
         <run_address>0x2b693</run_address>
         <size>0x2ecc</size>
         <input_file_ref idref="fl-c"/>
      </object_component>
      <object_component id="oc-b7">
         <name>.debug_info</name>
         <load_address>0x2e55f</load_address>
         <run_address>0x2e55f</run_address>
         <size>0x18d</size>
         <input_file_ref idref="fl-d"/>
      </object_component>
      <object_component id="oc-bb">
         <name>.debug_info</name>
         <load_address>0x2e6ec</load_address>
         <run_address>0x2e6ec</run_address>
         <size>0x8af1</size>
         <input_file_ref idref="fl-e"/>
      </object_component>
      <object_component id="oc-c5">
         <name>.debug_info</name>
         <load_address>0x371dd</load_address>
         <run_address>0x371dd</run_address>
         <size>0x16b</size>
         <input_file_ref idref="fl-14"/>
      </object_component>
      <object_component id="oc-c9">
         <name>.debug_info</name>
         <load_address>0x37348</load_address>
         <run_address>0x37348</run_address>
         <size>0x49c</size>
         <input_file_ref idref="fl-15"/>
      </object_component>
      <object_component id="oc-ce">
         <name>.debug_info</name>
         <load_address>0x377e4</load_address>
         <run_address>0x377e4</run_address>
         <size>0x3df</size>
         <input_file_ref idref="fl-16"/>
      </object_component>
      <object_component id="oc-d3">
         <name>.debug_info</name>
         <load_address>0x37bc3</load_address>
         <run_address>0x37bc3</run_address>
         <size>0x3e2</size>
         <input_file_ref idref="fl-17"/>
      </object_component>
      <object_component id="oc-d8">
         <name>.debug_info</name>
         <load_address>0x37fa5</load_address>
         <run_address>0x37fa5</run_address>
         <size>0x574</size>
         <input_file_ref idref="fl-18"/>
      </object_component>
      <object_component id="oc-dd">
         <name>.debug_info</name>
         <load_address>0x38519</load_address>
         <run_address>0x38519</run_address>
         <size>0x579</size>
         <input_file_ref idref="fl-19"/>
      </object_component>
      <object_component id="oc-e4">
         <name>.debug_info</name>
         <load_address>0x38a92</load_address>
         <run_address>0x38a92</run_address>
         <size>0x501</size>
         <input_file_ref idref="fl-1a"/>
      </object_component>
      <object_component id="oc-e9">
         <name>.debug_info</name>
         <load_address>0x38f93</load_address>
         <run_address>0x38f93</run_address>
         <size>0x46f</size>
         <input_file_ref idref="fl-1b"/>
      </object_component>
      <object_component id="oc-159">
         <name>.debug_info</name>
         <load_address>0x39402</load_address>
         <run_address>0x39402</run_address>
         <size>0xc5</size>
      </object_component>
      <object_component id="oc-52">
         <name>.debug_frame</name>
         <load_address>0x0</load_address>
         <run_address>0x0</run_address>
         <size>0xb8</size>
         <input_file_ref idref="fl-4"/>
      </object_component>
      <object_component id="oc-5d">
         <name>.debug_frame</name>
         <load_address>0xb8</load_address>
         <run_address>0xb8</run_address>
         <size>0x64</size>
         <input_file_ref idref="fl-6"/>
      </object_component>
      <object_component id="oc-63">
         <name>.debug_frame</name>
         <load_address>0x11c</load_address>
         <run_address>0x11c</run_address>
         <size>0xe94</size>
         <input_file_ref idref="fl-7"/>
      </object_component>
      <object_component id="oc-68">
         <name>.debug_frame</name>
         <load_address>0xfb0</load_address>
         <run_address>0xfb0</run_address>
         <size>0x150</size>
         <input_file_ref idref="fl-8"/>
      </object_component>
      <object_component id="oc-a8">
         <name>.debug_frame</name>
         <load_address>0x1100</load_address>
         <run_address>0x1100</run_address>
         <size>0x60</size>
         <input_file_ref idref="fl-a"/>
      </object_component>
      <object_component id="oc-ad">
         <name>.debug_frame</name>
         <load_address>0x1160</load_address>
         <run_address>0x1160</run_address>
         <size>0x4c</size>
         <input_file_ref idref="fl-b"/>
      </object_component>
      <object_component id="oc-b2">
         <name>.debug_frame</name>
         <load_address>0x11ac</load_address>
         <run_address>0x11ac</run_address>
         <size>0x144</size>
         <input_file_ref idref="fl-c"/>
      </object_component>
      <object_component id="oc-be">
         <name>.debug_frame</name>
         <load_address>0x12f0</load_address>
         <run_address>0x12f0</run_address>
         <size>0x12c</size>
         <input_file_ref idref="fl-e"/>
      </object_component>
      <object_component id="oc-ca">
         <name>.debug_frame</name>
         <load_address>0x141c</load_address>
         <run_address>0x141c</run_address>
         <size>0x48</size>
         <input_file_ref idref="fl-15"/>
      </object_component>
      <object_component id="oc-cf">
         <name>.debug_frame</name>
         <load_address>0x1464</load_address>
         <run_address>0x1464</run_address>
         <size>0x48</size>
         <input_file_ref idref="fl-16"/>
      </object_component>
      <object_component id="oc-d4">
         <name>.debug_frame</name>
         <load_address>0x14ac</load_address>
         <run_address>0x14ac</run_address>
         <size>0x48</size>
         <input_file_ref idref="fl-17"/>
      </object_component>
      <object_component id="oc-d9">
         <name>.debug_frame</name>
         <load_address>0x14f4</load_address>
         <run_address>0x14f4</run_address>
         <size>0x68</size>
         <input_file_ref idref="fl-18"/>
      </object_component>
      <object_component id="oc-e0">
         <name>.debug_frame</name>
         <load_address>0x155c</load_address>
         <run_address>0x155c</run_address>
         <size>0x68</size>
         <input_file_ref idref="fl-19"/>
      </object_component>
      <object_component id="oc-e5">
         <name>.debug_frame</name>
         <load_address>0x15c4</load_address>
         <run_address>0x15c4</run_address>
         <size>0x78</size>
         <input_file_ref idref="fl-1a"/>
      </object_component>
      <object_component id="oc-ea">
         <name>.debug_frame</name>
         <load_address>0x163c</load_address>
         <run_address>0x163c</run_address>
         <size>0x48</size>
         <input_file_ref idref="fl-1b"/>
      </object_component>
      <object_component id="oc-53">
         <name>.debug_line</name>
         <load_address>0x0</load_address>
         <run_address>0x0</run_address>
         <size>0x23e</size>
         <input_file_ref idref="fl-4"/>
      </object_component>
      <object_component id="oc-58">
         <name>.debug_line</name>
         <load_address>0x23e</load_address>
         <run_address>0x23e</run_address>
         <size>0xa7</size>
         <input_file_ref idref="fl-5"/>
      </object_component>
      <object_component id="oc-5e">
         <name>.debug_line</name>
         <load_address>0x2e5</load_address>
         <run_address>0x2e5</run_address>
         <size>0xd1</size>
         <input_file_ref idref="fl-6"/>
      </object_component>
      <object_component id="oc-64">
         <name>.debug_line</name>
         <load_address>0x3b6</load_address>
         <run_address>0x3b6</run_address>
         <size>0x8ba</size>
         <input_file_ref idref="fl-7"/>
      </object_component>
      <object_component id="oc-69">
         <name>.debug_line</name>
         <load_address>0xc70</load_address>
         <run_address>0xc70</run_address>
         <size>0x1d8</size>
         <input_file_ref idref="fl-8"/>
      </object_component>
      <object_component id="oc-a9">
         <name>.debug_line</name>
         <load_address>0xe48</load_address>
         <run_address>0xe48</run_address>
         <size>0xc8</size>
         <input_file_ref idref="fl-a"/>
      </object_component>
      <object_component id="oc-ae">
         <name>.debug_line</name>
         <load_address>0xf10</load_address>
         <run_address>0xf10</run_address>
         <size>0xaa</size>
         <input_file_ref idref="fl-b"/>
      </object_component>
      <object_component id="oc-b3">
         <name>.debug_line</name>
         <load_address>0xfba</load_address>
         <run_address>0xfba</run_address>
         <size>0x238</size>
         <input_file_ref idref="fl-c"/>
      </object_component>
      <object_component id="oc-b8">
         <name>.debug_line</name>
         <load_address>0x11f2</load_address>
         <run_address>0x11f2</run_address>
         <size>0x8b</size>
         <input_file_ref idref="fl-d"/>
      </object_component>
      <object_component id="oc-bf">
         <name>.debug_line</name>
         <load_address>0x127d</load_address>
         <run_address>0x127d</run_address>
         <size>0x170</size>
         <input_file_ref idref="fl-e"/>
      </object_component>
      <object_component id="oc-c6">
         <name>.debug_line</name>
         <load_address>0x13ed</load_address>
         <run_address>0x13ed</run_address>
         <size>0x7e</size>
         <input_file_ref idref="fl-14"/>
      </object_component>
      <object_component id="oc-cb">
         <name>.debug_line</name>
         <load_address>0x146b</load_address>
         <run_address>0x146b</run_address>
         <size>0x55</size>
         <input_file_ref idref="fl-15"/>
      </object_component>
      <object_component id="oc-d0">
         <name>.debug_line</name>
         <load_address>0x14c0</load_address>
         <run_address>0x14c0</run_address>
         <size>0x3a</size>
         <input_file_ref idref="fl-16"/>
      </object_component>
      <object_component id="oc-d5">
         <name>.debug_line</name>
         <load_address>0x14fa</load_address>
         <run_address>0x14fa</run_address>
         <size>0x3e</size>
         <input_file_ref idref="fl-17"/>
      </object_component>
      <object_component id="oc-da">
         <name>.debug_line</name>
         <load_address>0x1538</load_address>
         <run_address>0x1538</run_address>
         <size>0x50</size>
         <input_file_ref idref="fl-18"/>
      </object_component>
      <object_component id="oc-e1">
         <name>.debug_line</name>
         <load_address>0x1588</load_address>
         <run_address>0x1588</run_address>
         <size>0x65</size>
         <input_file_ref idref="fl-19"/>
      </object_component>
      <object_component id="oc-e6">
         <name>.debug_line</name>
         <load_address>0x15ed</load_address>
         <run_address>0x15ed</run_address>
         <size>0x5e</size>
         <input_file_ref idref="fl-1a"/>
      </object_component>
      <object_component id="oc-eb">
         <name>.debug_line</name>
         <load_address>0x164b</load_address>
         <run_address>0x164b</run_address>
         <size>0x62</size>
         <input_file_ref idref="fl-1b"/>
      </object_component>
      <object_component id="oc-54">
         <name>.debug_abbrev</name>
         <load_address>0x0</load_address>
         <run_address>0x0</run_address>
         <size>0x155</size>
         <input_file_ref idref="fl-4"/>
      </object_component>
      <object_component id="oc-59">
         <name>.debug_abbrev</name>
         <load_address>0x155</load_address>
         <run_address>0x155</run_address>
         <size>0x21</size>
         <input_file_ref idref="fl-5"/>
      </object_component>
      <object_component id="oc-5f">
         <name>.debug_abbrev</name>
         <load_address>0x176</load_address>
         <run_address>0x176</run_address>
         <size>0xfd</size>
         <input_file_ref idref="fl-6"/>
      </object_component>
      <object_component id="oc-65">
         <name>.debug_abbrev</name>
         <load_address>0x273</load_address>
         <run_address>0x273</run_address>
         <size>0xde</size>
         <input_file_ref idref="fl-7"/>
      </object_component>
      <object_component id="oc-6a">
         <name>.debug_abbrev</name>
         <load_address>0x351</load_address>
         <run_address>0x351</run_address>
         <size>0x138</size>
         <input_file_ref idref="fl-8"/>
      </object_component>
      <object_component id="oc-a6">
         <name>.debug_abbrev</name>
         <load_address>0x489</load_address>
         <run_address>0x489</run_address>
         <size>0xc4</size>
         <input_file_ref idref="fl-9"/>
      </object_component>
      <object_component id="oc-aa">
         <name>.debug_abbrev</name>
         <load_address>0x54d</load_address>
         <run_address>0x54d</run_address>
         <size>0xc8</size>
         <input_file_ref idref="fl-a"/>
      </object_component>
      <object_component id="oc-af">
         <name>.debug_abbrev</name>
         <load_address>0x615</load_address>
         <run_address>0x615</run_address>
         <size>0x116</size>
         <input_file_ref idref="fl-b"/>
      </object_component>
      <object_component id="oc-b4">
         <name>.debug_abbrev</name>
         <load_address>0x72b</load_address>
         <run_address>0x72b</run_address>
         <size>0x1a3</size>
         <input_file_ref idref="fl-c"/>
      </object_component>
      <object_component id="oc-b9">
         <name>.debug_abbrev</name>
         <load_address>0x8ce</load_address>
         <run_address>0x8ce</run_address>
         <size>0x2f</size>
         <input_file_ref idref="fl-d"/>
      </object_component>
      <object_component id="oc-c0">
         <name>.debug_abbrev</name>
         <load_address>0x8fd</load_address>
         <run_address>0x8fd</run_address>
         <size>0x1b2</size>
         <input_file_ref idref="fl-e"/>
      </object_component>
      <object_component id="oc-c7">
         <name>.debug_abbrev</name>
         <load_address>0xaaf</load_address>
         <run_address>0xaaf</run_address>
         <size>0x46</size>
         <input_file_ref idref="fl-14"/>
      </object_component>
      <object_component id="oc-cc">
         <name>.debug_abbrev</name>
         <load_address>0xaf5</load_address>
         <run_address>0xaf5</run_address>
         <size>0xee</size>
         <input_file_ref idref="fl-15"/>
      </object_component>
      <object_component id="oc-d1">
         <name>.debug_abbrev</name>
         <load_address>0xbe3</load_address>
         <run_address>0xbe3</run_address>
         <size>0x66</size>
         <input_file_ref idref="fl-16"/>
      </object_component>
      <object_component id="oc-d6">
         <name>.debug_abbrev</name>
         <load_address>0xc49</load_address>
         <run_address>0xc49</run_address>
         <size>0x68</size>
         <input_file_ref idref="fl-17"/>
      </object_component>
      <object_component id="oc-db">
         <name>.debug_abbrev</name>
         <load_address>0xcb1</load_address>
         <run_address>0xcb1</run_address>
         <size>0xe3</size>
         <input_file_ref idref="fl-18"/>
      </object_component>
      <object_component id="oc-e2">
         <name>.debug_abbrev</name>
         <load_address>0xd94</load_address>
         <run_address>0xd94</run_address>
         <size>0x130</size>
         <input_file_ref idref="fl-19"/>
      </object_component>
      <object_component id="oc-e7">
         <name>.debug_abbrev</name>
         <load_address>0xec4</load_address>
         <run_address>0xec4</run_address>
         <size>0xb2</size>
         <input_file_ref idref="fl-1a"/>
      </object_component>
      <object_component id="oc-ec">
         <name>.debug_abbrev</name>
         <load_address>0xf76</load_address>
         <run_address>0xf76</run_address>
         <size>0xa8</size>
         <input_file_ref idref="fl-1b"/>
      </object_component>
      <object_component id="oc-15a">
         <name>.debug_abbrev</name>
         <load_address>0x101e</load_address>
         <run_address>0x101e</run_address>
         <size>0xf</size>
      </object_component>
      <object_component id="oc-55">
         <name>.debug_aranges</name>
         <load_address>0x0</load_address>
         <run_address>0x0</run_address>
         <size>0x40</size>
         <input_file_ref idref="fl-4"/>
      </object_component>
      <object_component id="oc-5a">
         <name>.debug_aranges</name>
         <load_address>0x40</load_address>
         <run_address>0x40</run_address>
         <size>0x28</size>
         <input_file_ref idref="fl-5"/>
      </object_component>
      <object_component id="oc-60">
         <name>.debug_aranges</name>
         <load_address>0x68</load_address>
         <run_address>0x68</run_address>
         <size>0x28</size>
         <input_file_ref idref="fl-6"/>
      </object_component>
      <object_component id="oc-66">
         <name>.debug_aranges</name>
         <load_address>0x90</load_address>
         <run_address>0x90</run_address>
         <size>0x2f8</size>
         <input_file_ref idref="fl-7"/>
      </object_component>
      <object_component id="oc-6b">
         <name>.debug_aranges</name>
         <load_address>0x388</load_address>
         <run_address>0x388</run_address>
         <size>0x78</size>
         <input_file_ref idref="fl-8"/>
      </object_component>
      <object_component id="oc-ab">
         <name>.debug_aranges</name>
         <load_address>0x400</load_address>
         <run_address>0x400</run_address>
         <size>0x28</size>
         <input_file_ref idref="fl-a"/>
      </object_component>
      <object_component id="oc-b0">
         <name>.debug_aranges</name>
         <load_address>0x428</load_address>
         <run_address>0x428</run_address>
         <size>0x20</size>
         <input_file_ref idref="fl-b"/>
      </object_component>
      <object_component id="oc-b5">
         <name>.debug_aranges</name>
         <load_address>0x448</load_address>
         <run_address>0x448</run_address>
         <size>0x70</size>
         <input_file_ref idref="fl-c"/>
      </object_component>
      <object_component id="oc-ba">
         <name>.debug_aranges</name>
         <load_address>0x4b8</load_address>
         <run_address>0x4b8</run_address>
         <size>0x20</size>
         <input_file_ref idref="fl-d"/>
      </object_component>
      <object_component id="oc-c1">
         <name>.debug_aranges</name>
         <load_address>0x4d8</load_address>
         <run_address>0x4d8</run_address>
         <size>0x58</size>
         <input_file_ref idref="fl-e"/>
      </object_component>
      <object_component id="oc-c8">
         <name>.debug_aranges</name>
         <load_address>0x530</load_address>
         <run_address>0x530</run_address>
         <size>0x20</size>
         <input_file_ref idref="fl-14"/>
      </object_component>
      <object_component id="oc-cd">
         <name>.debug_aranges</name>
         <load_address>0x550</load_address>
         <run_address>0x550</run_address>
         <size>0x20</size>
         <input_file_ref idref="fl-15"/>
      </object_component>
      <object_component id="oc-d2">
         <name>.debug_aranges</name>
         <load_address>0x570</load_address>
         <run_address>0x570</run_address>
         <size>0x20</size>
         <input_file_ref idref="fl-16"/>
      </object_component>
      <object_component id="oc-d7">
         <name>.debug_aranges</name>
         <load_address>0x590</load_address>
         <run_address>0x590</run_address>
         <size>0x20</size>
         <input_file_ref idref="fl-17"/>
      </object_component>
      <object_component id="oc-dc">
         <name>.debug_aranges</name>
         <load_address>0x5b0</load_address>
         <run_address>0x5b0</run_address>
         <size>0x20</size>
         <input_file_ref idref="fl-18"/>
      </object_component>
      <object_component id="oc-e3">
         <name>.debug_aranges</name>
         <load_address>0x5d0</load_address>
         <run_address>0x5d0</run_address>
         <size>0x28</size>
         <input_file_ref idref="fl-19"/>
      </object_component>
      <object_component id="oc-e8">
         <name>.debug_aranges</name>
         <load_address>0x5f8</load_address>
         <run_address>0x5f8</run_address>
         <size>0x30</size>
         <input_file_ref idref="fl-1a"/>
      </object_component>
      <object_component id="oc-ed">
         <name>.debug_aranges</name>
         <load_address>0x628</load_address>
         <run_address>0x628</run_address>
         <size>0x20</size>
         <input_file_ref idref="fl-1b"/>
      </object_component>
   </object_component_list>
   <logical_group_list>
      <logical_group id="lg-2" display="no" color="cyan">
         <name>codestart</name>
         <load_address>0x0</load_address>
         <run_address>0x0</run_address>
         <size>0x2</size>
         <contents>
            <object_component_ref idref="oc-50"/>
         </contents>
      </logical_group>
      <logical_group id="lg-3" display="no" color="cyan">
         <name>ramfuncs</name>
         <load_address>0x6a</load_address>
         <run_address>0x6a</run_address>
         <size>0x4</size>
         <contents>
            <object_component_ref idref="oc-b6"/>
         </contents>
      </logical_group>
      <logical_group id="lg-4" display="no" color="cyan">
         <name>.text</name>
         <load_address>0x8000</load_address>
         <run_address>0x8000</run_address>
         <size>0xba0</size>
         <contents>
            <object_component_ref idref="oc-62"/>
            <object_component_ref idref="oc-fc"/>
            <object_component_ref idref="oc-f7"/>
            <object_component_ref idref="oc-f4"/>
            <object_component_ref idref="oc-f8"/>
            <object_component_ref idref="oc-fb"/>
            <object_component_ref idref="oc-bd"/>
            <object_component_ref idref="oc-c2"/>
            <object_component_ref idref="oc-f2"/>
            <object_component_ref idref="oc-f9"/>
            <object_component_ref idref="oc-fa"/>
            <object_component_ref idref="oc-ef"/>
            <object_component_ref idref="oc-f3"/>
            <object_component_ref idref="oc-f1"/>
            <object_component_ref idref="oc-fd"/>
            <object_component_ref idref="oc-56"/>
            <object_component_ref idref="oc-ee"/>
            <object_component_ref idref="oc-f0"/>
         </contents>
      </logical_group>
      <logical_group id="lg-5" display="no" color="cyan">
         <name>.cinit</name>
         <load_address>0x50</load_address>
         <run_address>0x50</run_address>
         <size>0x1a</size>
         <contents>
            <object_component_ref idref="oc-de"/>
            <object_component_ref idref="oc-f6"/>
            <object_component_ref idref="oc-fe"/>
         </contents>
      </logical_group>
      <logical_group id="lg-6" display="no" color="cyan">
         <name>.pinit</name>
         <run_address>0x0</run_address>
         <size>0x0</size>
         <contents>
         </contents>
      </logical_group>
      <logical_group id="lg-7" display="no" color="cyan">
         <name>.switch</name>
         <run_address>0x0</run_address>
         <size>0x0</size>
         <contents>
         </contents>
      </logical_group>
      <logical_group id="lg-8" display="no" color="cyan">
         <name>.reset</name>
         <load_address>0x3fffc0</load_address>
         <run_address>0x3fffc0</run_address>
         <size>0x2</size>
         <contents>
            <object_component_ref idref="oc-c4"/>
         </contents>
      </logical_group>
      <logical_group id="lg-9" display="no" color="cyan">
         <name>.stack</name>
         <run_address>0x400</run_address>
         <size>0x200</size>
         <contents>
            <object_component_ref idref="oc-c3"/>
            <object_component_ref idref="oc-158"/>
         </contents>
      </logical_group>
      <logical_group id="lg-a" display="no" color="cyan">
         <name>.ebss</name>
         <run_address>0xa100</run_address>
         <size>0x2e</size>
         <contents>
            <object_component_ref idref="oc-5c"/>
            <object_component_ref idref="oc-bc"/>
            <object_component_ref idref="oc-df"/>
            <object_component_ref idref="oc-100"/>
            <object_component_ref idref="oc-f5"/>
         </contents>
      </logical_group>
      <logical_group id="lg-b" display="no" color="cyan">
         <name>.econst</name>
         <load_address>0xa000</load_address>
         <run_address>0xa000</run_address>
         <size>0x100</size>
         <contents>
            <object_component_ref idref="oc-ff"/>
         </contents>
      </logical_group>
      <logical_group id="lg-c" display="no" color="cyan">
         <name>.esysmem</name>
         <run_address>0x0</run_address>
         <size>0x0</size>
         <contents>
         </contents>
      </logical_group>
      <logical_group id="lg-d" display="no" color="cyan">
         <name>IQmath</name>
         <run_address>0x0</run_address>
         <size>0x0</size>
         <contents>
         </contents>
      </logical_group>
      <logical_group id="lg-e" display="no" color="cyan">
         <name>IQmathTables</name>
         <run_address>0x0</run_address>
         <size>0x0</size>
         <contents>
         </contents>
      </logical_group>
      <logical_group id="lg-f" display="no" color="cyan">
         <name>FPUmathTables</name>
         <run_address>0x0</run_address>
         <size>0x0</size>
         <contents>
         </contents>
      </logical_group>
      <logical_group id="lg-10" display="no" color="cyan">
         <name>DMARAML5</name>
         <run_address>0x0</run_address>
         <size>0x0</size>
         <contents>
         </contents>
      </logical_group>
      <logical_group id="lg-11" display="no" color="cyan">
         <name>DMARAML6</name>
         <run_address>0x0</run_address>
         <size>0x0</size>
         <contents>
         </contents>
      </logical_group>
      <logical_group id="lg-12" display="no" color="cyan">
         <name>DMARAML7</name>
         <run_address>0x0</run_address>
         <size>0x0</size>
         <contents>
         </contents>
      </logical_group>
      <logical_group id="lg-13" display="no" color="cyan">
         <name>DMARAML8</name>
         <run_address>0x0</run_address>
         <size>0x0</size>
         <contents>
         </contents>
      </logical_group>
      <logical_group id="lg-15" display="no" color="cyan">
         <name>PieVectTableFile</name>
         <run_address>0xd00</run_address>
         <size>0x100</size>
         <contents>
            <object_component_ref idref="oc-a3"/>
         </contents>
      </logical_group>
      <logical_group id="lg-17" display="no" color="cyan">
         <name>EmuKeyVar</name>
         <run_address>0xd00</run_address>
         <size>0x1</size>
         <contents>
            <object_component_ref idref="oc-6e"/>
         </contents>
      </logical_group>
      <logical_group id="lg-18" display="no" color="cyan">
         <name>EmuBModeVar</name>
         <run_address>0xd01</run_address>
         <size>0x1</size>
         <contents>
            <object_component_ref idref="oc-6f"/>
         </contents>
      </logical_group>
      <logical_group id="lg-19" display="no" color="cyan">
         <name>FlashCallbackVar</name>
         <run_address>0xd02</run_address>
         <size>0x2</size>
         <contents>
            <object_component_ref idref="oc-70"/>
         </contents>
      </logical_group>
      <logical_group id="lg-1a" display="no" color="cyan">
         <name>FlashScalingVar</name>
         <run_address>0xd04</run_address>
         <size>0x2</size>
         <contents>
            <object_component_ref idref="oc-71"/>
         </contents>
      </logical_group>
      <logical_group id="lg-16" display="no" color="cyan">
         <name>GROUP_2</name>
         <run_address>0xd00</run_address>
         <size>0x6</size>
         <contents>
            <logical_group_ref idref="lg-17"/>
            <logical_group_ref idref="lg-18"/>
            <logical_group_ref idref="lg-19"/>
            <logical_group_ref idref="lg-1a"/>
         </contents>
      </logical_group>
      <overlay id="lg-14" display="no" color="cyan">
         <name>UNION_1</name>
         <run_address>0xd00</run_address>
         <size>0x100</size>
         <contents>
            <logical_group_ref idref="lg-15"/>
            <logical_group_ref idref="lg-16"/>
         </contents>
      </overlay>
      <logical_group id="lg-1b" display="no" color="cyan">
         <name>DevEmuRegsFile</name>
         <run_address>0x880</run_address>
         <size>0x4</size>
         <contents>
            <object_component_ref idref="oc-73"/>
         </contents>
      </logical_group>
      <logical_group id="lg-1c" display="no" color="cyan">
         <name>SysPwrCtrlRegsFile</name>
         <run_address>0x985</run_address>
         <size>0x3</size>
         <contents>
            <object_component_ref idref="oc-72"/>
         </contents>
      </logical_group>
      <logical_group id="lg-1d" display="no" color="cyan">
         <name>FlashRegsFile</name>
         <run_address>0xa80</run_address>
         <size>0x8</size>
         <contents>
            <object_component_ref idref="oc-74"/>
         </contents>
      </logical_group>
      <logical_group id="lg-1e" display="no" color="cyan">
         <name>CsmRegsFile</name>
         <run_address>0xae0</run_address>
         <size>0x10</size>
         <contents>
            <object_component_ref idref="oc-7e"/>
         </contents>
      </logical_group>
      <logical_group id="lg-1f" display="no" color="cyan">
         <name>AdcResultFile</name>
         <run_address>0xb00</run_address>
         <size>0x10</size>
         <contents>
            <object_component_ref idref="oc-7b"/>
         </contents>
      </logical_group>
      <logical_group id="lg-20" display="no" color="cyan">
         <name>CpuTimer0RegsFile</name>
         <run_address>0xc00</run_address>
         <size>0x8</size>
         <contents>
            <object_component_ref idref="oc-75"/>
         </contents>
      </logical_group>
      <logical_group id="lg-21" display="no" color="cyan">
         <name>CpuTimer1RegsFile</name>
         <run_address>0xc08</run_address>
         <size>0x8</size>
         <contents>
            <object_component_ref idref="oc-78"/>
         </contents>
      </logical_group>
      <logical_group id="lg-22" display="no" color="cyan">
         <name>CpuTimer2RegsFile</name>
         <run_address>0xc10</run_address>
         <size>0x8</size>
         <contents>
            <object_component_ref idref="oc-76"/>
         </contents>
      </logical_group>
      <logical_group id="lg-23" display="no" color="cyan">
         <name>PieCtrlRegsFile</name>
         <run_address>0xce0</run_address>
         <size>0x1a</size>
         <contents>
            <object_component_ref idref="oc-84"/>
         </contents>
      </logical_group>
      <logical_group id="lg-24" display="no" color="cyan">
         <name>Cla1RegsFile</name>
         <run_address>0x1400</run_address>
         <size>0x40</size>
         <contents>
            <object_component_ref idref="oc-99"/>
         </contents>
      </logical_group>
      <logical_group id="lg-25" display="no" color="cyan">
         <name>DmaRegsFile</name>
         <run_address>0x1000</run_address>
         <size>0xe0</size>
         <contents>
            <object_component_ref idref="oc-a2"/>
         </contents>
      </logical_group>
      <logical_group id="lg-26" display="no" color="cyan">
         <name>ECanaRegsFile</name>
         <run_address>0x6000</run_address>
         <size>0x34</size>
         <contents>
            <object_component_ref idref="oc-93"/>
         </contents>
      </logical_group>
      <logical_group id="lg-27" display="no" color="cyan">
         <name>ECanaLAMRegsFile</name>
         <run_address>0x6040</run_address>
         <size>0x40</size>
         <contents>
            <object_component_ref idref="oc-97"/>
         </contents>
      </logical_group>
      <logical_group id="lg-28" display="no" color="cyan">
         <name>ECanaMboxesFile</name>
         <run_address>0x6100</run_address>
         <size>0x100</size>
         <contents>
            <object_component_ref idref="oc-a4"/>
         </contents>
      </logical_group>
      <logical_group id="lg-29" display="no" color="cyan">
         <name>ECanaMOTSRegsFile</name>
         <run_address>0x6080</run_address>
         <size>0x40</size>
         <contents>
            <object_component_ref idref="oc-98"/>
         </contents>
      </logical_group>
      <logical_group id="lg-2a" display="no" color="cyan">
         <name>ECanaMOTORegsFile</name>
         <run_address>0x60c0</run_address>
         <size>0x40</size>
         <contents>
            <object_component_ref idref="oc-94"/>
         </contents>
      </logical_group>
      <logical_group id="lg-2b" display="no" color="cyan">
         <name>ECap1RegsFile</name>
         <run_address>0x6a00</run_address>
         <size>0x20</size>
         <contents>
            <object_component_ref idref="oc-8c"/>
         </contents>
      </logical_group>
      <logical_group id="lg-2c" display="no" color="cyan">
         <name>ECap2RegsFile</name>
         <run_address>0x6a20</run_address>
         <size>0x20</size>
         <contents>
            <object_component_ref idref="oc-8b"/>
         </contents>
      </logical_group>
      <logical_group id="lg-2d" display="no" color="cyan">
         <name>ECap3RegsFile</name>
         <run_address>0x6a40</run_address>
         <size>0x20</size>
         <contents>
            <object_component_ref idref="oc-8d"/>
         </contents>
      </logical_group>
      <logical_group id="lg-2e" display="no" color="cyan">
         <name>EQep1RegsFile</name>
         <run_address>0x6b00</run_address>
         <size>0x22</size>
         <contents>
            <object_component_ref idref="oc-90"/>
         </contents>
      </logical_group>
      <logical_group id="lg-2f" display="no" color="cyan">
         <name>EQep2RegsFile</name>
         <run_address>0x6b40</run_address>
         <size>0x22</size>
         <contents>
            <object_component_ref idref="oc-8e"/>
         </contents>
      </logical_group>
      <logical_group id="lg-30" display="no" color="cyan">
         <name>GpioCtrlRegsFile</name>
         <run_address>0x6f80</run_address>
         <size>0x40</size>
         <contents>
            <object_component_ref idref="oc-9c"/>
         </contents>
      </logical_group>
      <logical_group id="lg-31" display="no" color="cyan">
         <name>GpioDataRegsFile</name>
         <run_address>0x6fc0</run_address>
         <size>0x20</size>
         <contents>
            <object_component_ref idref="oc-86"/>
         </contents>
      </logical_group>
      <logical_group id="lg-32" display="no" color="cyan">
         <name>GpioIntRegsFile</name>
         <run_address>0x6fe0</run_address>
         <size>0x20</size>
         <contents>
            <object_component_ref idref="oc-85"/>
         </contents>
      </logical_group>
      <logical_group id="lg-33" display="no" color="cyan">
         <name>HRCap1RegsFile</name>
         <run_address>0x6ac0</run_address>
         <size>0x20</size>
         <contents>
            <object_component_ref idref="oc-89"/>
         </contents>
      </logical_group>
      <logical_group id="lg-34" display="no" color="cyan">
         <name>HRCap2RegsFile</name>
         <run_address>0x6ae0</run_address>
         <size>0x20</size>
         <contents>
            <object_component_ref idref="oc-8a"/>
         </contents>
      </logical_group>
      <logical_group id="lg-35" display="no" color="cyan">
         <name>HRCap3RegsFile</name>
         <run_address>0x6c80</run_address>
         <size>0x20</size>
         <contents>
            <object_component_ref idref="oc-87"/>
         </contents>
      </logical_group>
      <logical_group id="lg-36" display="no" color="cyan">
         <name>HRCap4RegsFile</name>
         <run_address>0x6ca0</run_address>
         <size>0x20</size>
         <contents>
            <object_component_ref idref="oc-88"/>
         </contents>
      </logical_group>
      <logical_group id="lg-37" display="no" color="cyan">
         <name>SysCtrlRegsFile</name>
         <run_address>0x7010</run_address>
         <size>0x30</size>
         <contents>
            <object_component_ref idref="oc-92"/>
         </contents>
      </logical_group>
      <logical_group id="lg-38" display="no" color="cyan">
         <name>SpiaRegsFile</name>
         <run_address>0x7040</run_address>
         <size>0x10</size>
         <contents>
            <object_component_ref idref="oc-7a"/>
         </contents>
      </logical_group>
      <logical_group id="lg-39" display="no" color="cyan">
         <name>SpibRegsFile</name>
         <run_address>0x7740</run_address>
         <size>0x10</size>
         <contents>
            <object_component_ref idref="oc-7f"/>
         </contents>
      </logical_group>
      <logical_group id="lg-3a" display="no" color="cyan">
         <name>SciaRegsFile</name>
         <run_address>0x7050</run_address>
         <size>0x10</size>
         <contents>
            <object_component_ref idref="oc-7c"/>
         </contents>
      </logical_group>
      <logical_group id="lg-3b" display="no" color="cyan">
         <name>ScibRegsFile</name>
         <run_address>0x7750</run_address>
         <size>0x10</size>
         <contents>
            <object_component_ref idref="oc-79"/>
         </contents>
      </logical_group>
      <logical_group id="lg-3c" display="no" color="cyan">
         <name>NmiIntruptRegsFile</name>
         <run_address>0x7060</run_address>
         <size>0x10</size>
         <contents>
            <object_component_ref idref="oc-7d"/>
         </contents>
      </logical_group>
      <logical_group id="lg-3d" display="no" color="cyan">
         <name>XIntruptRegsFile</name>
         <run_address>0x7070</run_address>
         <size>0x10</size>
         <contents>
            <object_component_ref idref="oc-80"/>
         </contents>
      </logical_group>
      <logical_group id="lg-3e" display="no" color="cyan">
         <name>AdcRegsFile</name>
         <run_address>0x7100</run_address>
         <size>0x50</size>
         <contents>
            <object_component_ref idref="oc-a1"/>
         </contents>
      </logical_group>
      <logical_group id="lg-3f" display="no" color="cyan">
         <name>I2caRegsFile</name>
         <run_address>0x7900</run_address>
         <size>0x22</size>
         <contents>
            <object_component_ref idref="oc-8f"/>
         </contents>
      </logical_group>
      <logical_group id="lg-40" display="no" color="cyan">
         <name>Comp1RegsFile</name>
         <run_address>0x6400</run_address>
         <size>0x14</size>
         <contents>
            <object_component_ref idref="oc-82"/>
         </contents>
      </logical_group>
      <logical_group id="lg-41" display="no" color="cyan">
         <name>Comp2RegsFile</name>
         <run_address>0x6420</run_address>
         <size>0x14</size>
         <contents>
            <object_component_ref idref="oc-81"/>
         </contents>
      </logical_group>
      <logical_group id="lg-42" display="no" color="cyan">
         <name>Comp3RegsFile</name>
         <run_address>0x6440</run_address>
         <size>0x14</size>
         <contents>
            <object_component_ref idref="oc-83"/>
         </contents>
      </logical_group>
      <logical_group id="lg-43" display="no" color="cyan">
         <name>EPwm1RegsFile</name>
         <run_address>0x6800</run_address>
         <size>0x40</size>
         <contents>
            <object_component_ref idref="oc-96"/>
         </contents>
      </logical_group>
      <logical_group id="lg-44" display="no" color="cyan">
         <name>EPwm2RegsFile</name>
         <run_address>0x6840</run_address>
         <size>0x40</size>
         <contents>
            <object_component_ref idref="oc-95"/>
         </contents>
      </logical_group>
      <logical_group id="lg-45" display="no" color="cyan">
         <name>EPwm3RegsFile</name>
         <run_address>0x6880</run_address>
         <size>0x40</size>
         <contents>
            <object_component_ref idref="oc-a0"/>
         </contents>
      </logical_group>
      <logical_group id="lg-46" display="no" color="cyan">
         <name>EPwm4RegsFile</name>
         <run_address>0x68c0</run_address>
         <size>0x40</size>
         <contents>
            <object_component_ref idref="oc-9e"/>
         </contents>
      </logical_group>
      <logical_group id="lg-47" display="no" color="cyan">
         <name>EPwm5RegsFile</name>
         <run_address>0x6900</run_address>
         <size>0x40</size>
         <contents>
            <object_component_ref idref="oc-9f"/>
         </contents>
      </logical_group>
      <logical_group id="lg-48" display="no" color="cyan">
         <name>EPwm6RegsFile</name>
         <run_address>0x6940</run_address>
         <size>0x40</size>
         <contents>
            <object_component_ref idref="oc-9b"/>
         </contents>
      </logical_group>
      <logical_group id="lg-49" display="no" color="cyan">
         <name>EPwm7RegsFile</name>
         <run_address>0x6980</run_address>
         <size>0x40</size>
         <contents>
            <object_component_ref idref="oc-9a"/>
         </contents>
      </logical_group>
      <logical_group id="lg-4a" display="no" color="cyan">
         <name>EPwm8RegsFile</name>
         <run_address>0x69c0</run_address>
         <size>0x40</size>
         <contents>
            <object_component_ref idref="oc-9d"/>
         </contents>
      </logical_group>
      <logical_group id="lg-4b" display="no" color="cyan">
         <name>McbspaRegsFile</name>
         <run_address>0x5000</run_address>
         <size>0x24</size>
         <contents>
            <object_component_ref idref="oc-91"/>
         </contents>
      </logical_group>
      <logical_group id="lg-4c" display="no" color="cyan">
         <name>Usb0RegsFile</name>
         <run_address>0x4000</run_address>
         <size>0x454</size>
         <contents>
            <object_component_ref idref="oc-a5"/>
         </contents>
      </logical_group>
      <logical_group id="lg-4d" display="no" color="cyan">
         <name>CsmPwlFile</name>
         <run_address>0x3f7ff8</run_address>
         <size>0x8</size>
         <contents>
            <object_component_ref idref="oc-77"/>
         </contents>
      </logical_group>
      <logical_group id="lg-4e" display="no" color="cyan">
         <name>PartIdRegsFile</name>
         <run_address>0x3d7e80</run_address>
         <size>0x1</size>
         <contents>
            <object_component_ref idref="oc-6d"/>
         </contents>
      </logical_group>
      <logical_group id="lg-14c" display="never" color="cyan">
         <name>.debug_info</name>
         <load_address>0x0</load_address>
         <run_address>0x0</run_address>
         <size>0x394c7</size>
         <contents>
            <object_component_ref idref="oc-51"/>
            <object_component_ref idref="oc-57"/>
            <object_component_ref idref="oc-5b"/>
            <object_component_ref idref="oc-61"/>
            <object_component_ref idref="oc-67"/>
            <object_component_ref idref="oc-6c"/>
            <object_component_ref idref="oc-a7"/>
            <object_component_ref idref="oc-ac"/>
            <object_component_ref idref="oc-b1"/>
            <object_component_ref idref="oc-b7"/>
            <object_component_ref idref="oc-bb"/>
            <object_component_ref idref="oc-c5"/>
            <object_component_ref idref="oc-c9"/>
            <object_component_ref idref="oc-ce"/>
            <object_component_ref idref="oc-d3"/>
            <object_component_ref idref="oc-d8"/>
            <object_component_ref idref="oc-dd"/>
            <object_component_ref idref="oc-e4"/>
            <object_component_ref idref="oc-e9"/>
            <object_component_ref idref="oc-159"/>
         </contents>
      </logical_group>
      <logical_group id="lg-14e" display="never" color="cyan">
         <name>.debug_frame</name>
         <load_address>0x0</load_address>
         <run_address>0x0</run_address>
         <size>0x1684</size>
         <contents>
            <object_component_ref idref="oc-52"/>
            <object_component_ref idref="oc-5d"/>
            <object_component_ref idref="oc-63"/>
            <object_component_ref idref="oc-68"/>
            <object_component_ref idref="oc-a8"/>
            <object_component_ref idref="oc-ad"/>
            <object_component_ref idref="oc-b2"/>
            <object_component_ref idref="oc-be"/>
            <object_component_ref idref="oc-ca"/>
            <object_component_ref idref="oc-cf"/>
            <object_component_ref idref="oc-d4"/>
            <object_component_ref idref="oc-d9"/>
            <object_component_ref idref="oc-e0"/>
            <object_component_ref idref="oc-e5"/>
            <object_component_ref idref="oc-ea"/>
         </contents>
      </logical_group>
      <logical_group id="lg-150" display="never" color="cyan">
         <name>.debug_line</name>
         <load_address>0x0</load_address>
         <run_address>0x0</run_address>
         <size>0x16ad</size>
         <contents>
            <object_component_ref idref="oc-53"/>
            <object_component_ref idref="oc-58"/>
            <object_component_ref idref="oc-5e"/>
            <object_component_ref idref="oc-64"/>
            <object_component_ref idref="oc-69"/>
            <object_component_ref idref="oc-a9"/>
            <object_component_ref idref="oc-ae"/>
            <object_component_ref idref="oc-b3"/>
            <object_component_ref idref="oc-b8"/>
            <object_component_ref idref="oc-bf"/>
            <object_component_ref idref="oc-c6"/>
            <object_component_ref idref="oc-cb"/>
            <object_component_ref idref="oc-d0"/>
            <object_component_ref idref="oc-d5"/>
            <object_component_ref idref="oc-da"/>
            <object_component_ref idref="oc-e1"/>
            <object_component_ref idref="oc-e6"/>
            <object_component_ref idref="oc-eb"/>
         </contents>
      </logical_group>
      <logical_group id="lg-152" display="never" color="cyan">
         <name>.debug_abbrev</name>
         <load_address>0x0</load_address>
         <run_address>0x0</run_address>
         <size>0x102d</size>
         <contents>
            <object_component_ref idref="oc-54"/>
            <object_component_ref idref="oc-59"/>
            <object_component_ref idref="oc-5f"/>
            <object_component_ref idref="oc-65"/>
            <object_component_ref idref="oc-6a"/>
            <object_component_ref idref="oc-a6"/>
            <object_component_ref idref="oc-aa"/>
            <object_component_ref idref="oc-af"/>
            <object_component_ref idref="oc-b4"/>
            <object_component_ref idref="oc-b9"/>
            <object_component_ref idref="oc-c0"/>
            <object_component_ref idref="oc-c7"/>
            <object_component_ref idref="oc-cc"/>
            <object_component_ref idref="oc-d1"/>
            <object_component_ref idref="oc-d6"/>
            <object_component_ref idref="oc-db"/>
            <object_component_ref idref="oc-e2"/>
            <object_component_ref idref="oc-e7"/>
            <object_component_ref idref="oc-ec"/>
            <object_component_ref idref="oc-15a"/>
         </contents>
      </logical_group>
      <logical_group id="lg-154" display="never" color="cyan">
         <name>.debug_aranges</name>
         <load_address>0x0</load_address>
         <run_address>0x0</run_address>
         <size>0x648</size>
         <contents>
            <object_component_ref idref="oc-55"/>
            <object_component_ref idref="oc-5a"/>
            <object_component_ref idref="oc-60"/>
            <object_component_ref idref="oc-66"/>
            <object_component_ref idref="oc-6b"/>
            <object_component_ref idref="oc-ab"/>
            <object_component_ref idref="oc-b0"/>
            <object_component_ref idref="oc-b5"/>
            <object_component_ref idref="oc-ba"/>
            <object_component_ref idref="oc-c1"/>
            <object_component_ref idref="oc-c8"/>
            <object_component_ref idref="oc-cd"/>
            <object_component_ref idref="oc-d2"/>
            <object_component_ref idref="oc-d7"/>
            <object_component_ref idref="oc-dc"/>
            <object_component_ref idref="oc-e3"/>
            <object_component_ref idref="oc-e8"/>
            <object_component_ref idref="oc-ed"/>
         </contents>
      </logical_group>
   </logical_group_list>
   <placement_map>
      <memory_area display="no" color="green">
         <name>BEGIN</name>
         <page_id>0x0</page_id>
         <origin>0x0</origin>
         <length>0x2</length>
         <used_space>0x2</used_space>
         <unused_space>0x0</unused_space>
         <attributes>RWIX</attributes>
         <usage_details>
            <allocated_space>
               <start_address>0x0</start_address>
               <size>0x2</size>
               <logical_group_ref idref="lg-2"/>
            </allocated_space>
         </usage_details>
      </memory_area>
      <memory_area display="yes" color="green">
         <name>RAMM0</name>
         <page_id>0x0</page_id>
         <origin>0x50</origin>
         <length>0x3b0</length>
         <used_space>0x1e</used_space>
         <unused_space>0x392</unused_space>
         <attributes>RWIX</attributes>
         <usage_details>
            <allocated_space>
               <start_address>0x50</start_address>
               <size>0x1a</size>
               <logical_group_ref idref="lg-5"/>
            </allocated_space>
            <allocated_space>
               <start_address>0x6a</start_address>
               <size>0x4</size>
               <logical_group_ref idref="lg-3"/>
            </allocated_space>
            <available_space>
               <start_address>0x6e</start_address>
               <size>0x392</size>
            </available_space>
         </usage_details>
      </memory_area>
      <memory_area display="yes" color="green">
         <name>RAML0_L3</name>
         <page_id>0x0</page_id>
         <origin>0x8000</origin>
         <length>0x2000</length>
         <used_space>0xba0</used_space>
         <unused_space>0x1460</unused_space>
         <attributes>RWIX</attributes>
         <usage_details>
[...]
      </symbol>
      <symbol id="sm-1a2">
         <name>_EPWM1_INT_ISR</name>
         <value>0x8154</value>
         <object_component_ref idref="oc-62"/>
      </symbol>
      <symbol id="sm-1a3">
         <name>_USER2_ISR</name>
         <value>0x8050</value>
         <object_component_ref idref="oc-62"/>
      </symbol>
      <symbol id="sm-1a4">
         <name>_CLA1_INT5_ISR</name>
         <value>0x8334</value>
         <object_component_ref idref="oc-62"/>
      </symbol>
      <symbol id="sm-1a5">
         <name>_LUF_ISR</name>
         <value>0x8370</value>
         <object_component_ref idref="oc-62"/>
      </symbol>
      <symbol id="sm-1a6">
         <name>_LVF_ISR</name>
         <value>0x8366</value>
         <object_component_ref idref="oc-62"/>
      </symbol>
      <symbol id="sm-1a7">
         <name>_SCITXINTA_ISR</name>
         <value>0x829e</value>
         <object_component_ref idref="oc-62"/>
      </symbol>
      <symbol id="sm-1a8">
         <name>_SCIRXINTA_ISR</name>
         <value>0x8294</value>
         <object_component_ref idref="oc-62"/>
      </symbol>
      <symbol id="sm-1a9">
         <name>_rsvd_ISR</name>
         <value>0x8391</value>
         <object_component_ref idref="oc-62"/>
      </symbol>
      <symbol id="sm-1aa">
         <name>_HRCAP1_INT_ISR</name>
         <value>0x81c2</value>
         <object_component_ref idref="oc-62"/>
      </symbol>
      <symbol id="sm-1ab">
         <name>_DINTCH2_ISR</name>
         <value>0x824e</value>
         <object_component_ref idref="oc-62"/>
      </symbol>
      <symbol id="sm-1b7">
         <name>_InitEPwm3Gpio</name>
         <value>0x88f4</value>
         <object_component_ref idref="oc-f8"/>
      </symbol>
      <symbol id="sm-1b8">
         <name>_InitTzGpio</name>
         <value>0x8975</value>
         <object_component_ref idref="oc-f8"/>
      </symbol>
      <symbol id="sm-1b9">
         <name>_InitEPwm2Gpio</name>
         <value>0x88e2</value>
         <object_component_ref idref="oc-f8"/>
      </symbol>
      <symbol id="sm-1ba">
         <name>_InitEPwm1Gpio</name>
         <value>0x88d0</value>
         <object_component_ref idref="oc-f8"/>
      </symbol>
      <symbol id="sm-1bb">
         <name>_InitEPwm7Gpio</name>
         <value>0x8940</value>
         <object_component_ref idref="oc-f8"/>
      </symbol>
      <symbol id="sm-1bc">
         <name>_InitEPwm8Gpio</name>
         <value>0x8952</value>
         <object_component_ref idref="oc-f8"/>
      </symbol>
      <symbol id="sm-1bd">
         <name>_InitEPwm6Gpio</name>
         <value>0x892e</value>
         <object_component_ref idref="oc-f8"/>
      </symbol>
      <symbol id="sm-1be">
         <name>_InitEPwmGpio</name>
         <value>0x88bf</value>
         <object_component_ref idref="oc-f8"/>
      </symbol>
      <symbol id="sm-1bf">
         <name>_InitEPwm5Gpio</name>
         <value>0x891c</value>
         <object_component_ref idref="oc-f8"/>
      </symbol>
      <symbol id="sm-1c0">
         <name>_InitEPwm4Gpio</name>
         <value>0x8908</value>
         <object_component_ref idref="oc-f8"/>
      </symbol>
      <symbol id="sm-1c1">
         <name>_InitEPwmSyncGpio</name>
         <value>0x8964</value>
         <object_component_ref idref="oc-f8"/>
      </symbol>
      <symbol id="sm-1c2">
         <name>_InitEPwm</name>
         <value>0x88be</value>
         <object_component_ref idref="oc-f8"/>
      </symbol>
      <symbol id="sm-23a">
         <name>_Usb0Regs</name>
         <value>0x4000</value>
         <object_component_ref idref="oc-a5"/>
      </symbol>
      <symbol id="sm-23b">
         <name>_GpioCtrlRegs</name>
         <value>0x6f80</value>
         <object_component_ref idref="oc-9c"/>
      </symbol>
      <symbol id="sm-23c">
         <name>_PieVectTable</name>
         <value>0xd00</value>
         <object_component_ref idref="oc-a3"/>
      </symbol>
      <symbol id="sm-23d">
         <name>_SysPwrCtrlRegs</name>
         <value>0x985</value>
         <object_component_ref idref="oc-72"/>
      </symbol>
      <symbol id="sm-23e">
         <name>_EmuBMode</name>
         <value>0xd01</value>
         <object_component_ref idref="oc-6f"/>
      </symbol>
      <symbol id="sm-23f">
         <name>_CsmRegs</name>
         <value>0xae0</value>
         <object_component_ref idref="oc-7e"/>
      </symbol>
      <symbol id="sm-240">
         <name>_ECanaLAMRegs</name>
         <value>0x6040</value>
         <object_component_ref idref="oc-97"/>
      </symbol>
      <symbol id="sm-241">
         <name>_AdcResult</name>
         <value>0xb00</value>
         <object_component_ref idref="oc-7b"/>
      </symbol>
      <symbol id="sm-242">
         <name>_EPwm4Regs</name>
         <value>0x68c0</value>
         <object_component_ref idref="oc-9e"/>
      </symbol>
      <symbol id="sm-243">
         <name>_CpuTimer1Regs</name>
         <value>0xc08</value>
         <object_component_ref idref="oc-78"/>
      </symbol>
      <symbol id="sm-244">
         <name>_SysCtrlRegs</name>
         <value>0x7010</value>
         <object_component_ref idref="oc-92"/>
      </symbol>
      <symbol id="sm-245">
         <name>_HRCap4Regs</name>
         <value>0x6ca0</value>
         <object_component_ref idref="oc-88"/>
      </symbol>
      <symbol id="sm-246">
         <name>_EPwm5Regs</name>
         <value>0x6900</value>
         <object_component_ref idref="oc-9f"/>
      </symbol>
      <symbol id="sm-247">
         <name>_SpiaRegs</name>
         <value>0x7040</value>
         <object_component_ref idref="oc-7a"/>
      </symbol>
      <symbol id="sm-248">
         <name>_ECanaMOTSRegs</name>
         <value>0x6080</value>
         <object_component_ref idref="oc-98"/>
      </symbol>
      <symbol id="sm-249">
         <name>_DmaRegs</name>
         <value>0x1000</value>
         <object_component_ref idref="oc-a2"/>
      </symbol>
      <symbol id="sm-24a">
         <name>_FlashRegs</name>
         <value>0xa80</value>
         <object_component_ref idref="oc-74"/>
      </symbol>
      <symbol id="sm-24b">
         <name>_CpuTimer0Regs</name>
         <value>0xc00</value>
         <object_component_ref idref="oc-75"/>
      </symbol>
      <symbol id="sm-24c">
         <name>_DevEmuRegs</name>
         <value>0x880</value>
         <object_component_ref idref="oc-73"/>
      </symbol>
      <symbol id="sm-24d">
         <name>_EPwm6Regs</name>
         <value>0x6940</value>
         <object_component_ref idref="oc-9b"/>
      </symbol>
      <symbol id="sm-24e">
         <name>_Comp1Regs</name>
         <value>0x6400</value>
         <object_component_ref idref="oc-82"/>
      </symbol>
      <symbol id="sm-24f">
         <name>_SciaRegs</name>
         <value>0x7050</value>
         <object_component_ref idref="oc-7c"/>
      </symbol>
      <symbol id="sm-250">
         <name>_GpioDataRegs</name>
         <value>0x6fc0</value>
         <object_component_ref idref="oc-86"/>
      </symbol>
      <symbol id="sm-251">
         <name>_CsmPwl</name>
         <value>0x3f7ff8</value>
         <object_component_ref idref="oc-77"/>
      </symbol>
      <symbol id="sm-252">
         <name>_AdcRegs</name>
         <value>0x7100</value>
         <object_component_ref idref="oc-a1"/>
      </symbol>
      <symbol id="sm-253">
         <name>_EPwm7Regs</name>
         <value>0x6980</value>
         <object_component_ref idref="oc-9a"/>
      </symbol>
      <symbol id="sm-254">
         <name>_Comp2Regs</name>
         <value>0x6420</value>
         <object_component_ref idref="oc-81"/>
      </symbol>
      <symbol id="sm-255">
         <name>_XIntruptRegs</name>
         <value>0x7070</value>
         <object_component_ref idref="oc-80"/>
      </symbol>
      <symbol id="sm-256">
         <name>_CpuTimer2Regs</name>
         <value>0xc10</value>
         <object_component_ref idref="oc-76"/>
      </symbol>
      <symbol id="sm-257">
         <name>_HRCap1Regs</name>
         <value>0x6ac0</value>
         <object_component_ref idref="oc-89"/>
      </symbol>
      <symbol id="sm-258">
         <name>_PieCtrlRegs</name>
         <value>0xce0</value>
         <object_component_ref idref="oc-84"/>
      </symbol>
      <symbol id="sm-259">
         <name>_SpibRegs</name>
         <value>0x7740</value>
         <object_component_ref idref="oc-7f"/>
      </symbol>
      <symbol id="sm-25a">
         <name>_ECanaRegs</name>
         <value>0x6000</value>
         <object_component_ref idref="oc-93"/>
      </symbol>
      <symbol id="sm-25b">
         <name>_Comp3Regs</name>
         <value>0x6440</value>
         <object_component_ref idref="oc-83"/>
      </symbol>
      <symbol id="sm-25c">
         <name>_ECap1Regs</name>
         <value>0x6a00</value>
         <object_component_ref idref="oc-8c"/>
      </symbol>
      <symbol id="sm-25d">
         <name>_EmuKey</name>
         <value>0xd00</value>
         <object_component_ref idref="oc-6e"/>
      </symbol>
      <symbol id="sm-25e">
         <name>_Cla1Regs</name>
         <value>0x1400</value>
         <object_component_ref idref="oc-99"/>
      </symbol>
      <symbol id="sm-25f">
         <name>_EQep1Regs</name>
         <value>0x6b00</value>
         <object_component_ref idref="oc-90"/>
      </symbol>
      <symbol id="sm-260">
         <name>_McbspaRegs</name>
         <value>0x5000</value>
         <object_component_ref idref="oc-91"/>
      </symbol>
      <symbol id="sm-261">
         <name>_EPwm1Regs</name>
         <value>0x6800</value>
         <object_component_ref idref="oc-96"/>
      </symbol>
      <symbol id="sm-262">
         <name>_ScibRegs</name>
         <value>0x7750</value>
         <object_component_ref idref="oc-79"/>
      </symbol>
      <symbol id="sm-263">
         <name>_ECap2Regs</name>
         <value>0x6a20</value>
         <object_component_ref idref="oc-8b"/>
      </symbol>
      <symbol id="sm-264">
         <name>_GpioIntRegs</name>
         <value>0x6fe0</value>
         <object_component_ref idref="oc-85"/>
      </symbol>
      <symbol id="sm-265">
         <name>_EQep2Regs</name>
         <value>0x6b40</value>
         <object_component_ref idref="oc-8e"/>
      </symbol>
      <symbol id="sm-266">
         <name>_PartIdRegs</name>
         <value>0x3d7e80</value>
         <object_component_ref idref="oc-6d"/>
      </symbol>
      <symbol id="sm-267">
         <name>_HRCap3Regs</name>
         <value>0x6c80</value>
         <object_component_ref idref="oc-87"/>
      </symbol>
      <symbol id="sm-268">
         <name>_EPwm8Regs</name>
         <value>0x69c0</value>
         <object_component_ref idref="oc-9d"/>
      </symbol>
      <symbol id="sm-269">
         <name>_Flash_CPUScaleFactor</name>
         <value>0xd04</value>
         <object_component_ref idref="oc-71"/>
      </symbol>
      <symbol id="sm-26a">
         <name>_EPwm2Regs</name>
         <value>0x6840</value>
         <object_component_ref idref="oc-95"/>
      </symbol>
      <symbol id="sm-26b">
         <name>_ECanaMboxes</name>
         <value>0x6100</value>
         <object_component_ref idref="oc-a4"/>
      </symbol>
      <symbol id="sm-26c">
         <name>_ECap3Regs</name>
         <value>0x6a40</value>
         <object_component_ref idref="oc-8d"/>
      </symbol>
      <symbol id="sm-26d">
         <name>_HRCap2Regs</name>
         <value>0x6ae0</value>
         <object_component_ref idref="oc-8a"/>
      </symbol>
      <symbol id="sm-26e">
         <name>_NmiIntruptRegs</name>
         <value>0x7060</value>
         <object_component_ref idref="oc-7d"/>
      </symbol>
      <symbol id="sm-26f">
         <name>_ECanaMOTORegs</name>
         <value>0x60c0</value>
         <object_component_ref idref="oc-94"/>
      </symbol>
      <symbol id="sm-270">
         <name>_Flash_CallbackPtr</name>
         <value>0xd02</value>
         <object_component_ref idref="oc-70"/>
      </symbol>
      <symbol id="sm-271">
         <name>_EPwm3Regs</name>
         <value>0x6880</value>
         <object_component_ref idref="oc-a0"/>
      </symbol>
      <symbol id="sm-272">
         <name>_I2caRegs</name>
         <value>0x7900</value>
         <object_component_ref idref="oc-8f"/>
      </symbol>
      <symbol id="sm-27e">
         <name>_InitPieCtrl</name>
         <value>0x8ae3</value>
         <object_component_ref idref="oc-f9"/>
      </symbol>
      <symbol id="sm-27f">
         <name>_EnableInterrupts</name>
         <value>0x8b02</value>
         <object_component_ref idref="oc-f9"/>
      </symbol>
      <symbol id="sm-28f">
         <name>_PieVectTableInit</name>
         <value>0xa000</value>
         <object_component_ref idref="oc-ff"/>
      </symbol>
      <symbol id="sm-290">
         <name>_InitPieVectTable</name>
         <value>0x8b0b</value>
         <object_component_ref idref="oc-fa"/>
      </symbol>
      <symbol id="sm-2a7">
         <name>_InitPll</name>
         <value>0x8601</value>
         <object_component_ref idref="oc-f7"/>
      </symbol>
      <symbol id="sm-2a8">
         <name>_IntOsc1Sel</name>
         <value>0x870b</value>
         <object_component_ref idref="oc-f7"/>
      </symbol>
      <symbol id="sm-2a9">
         <name>_ExtOscSel</name>
         <value>0x8751</value>
         <object_component_ref idref="oc-f7"/>
      </symbol>
      <symbol id="sm-2aa">
         <name>_DisableDog</name>
         <value>0x85f9</value>
         <object_component_ref idref="oc-f7"/>
      </symbol>
      <symbol id="sm-2ab">
         <name>_InitPeripheralClocks</name>
         <value>0x8684</value>
         <object_component_ref idref="oc-f7"/>
      </symbol>
      <symbol id="sm-2ac">
         <name>_IntOsc2Sel</name>
         <value>0x871b</value>
         <object_component_ref idref="oc-f7"/>
      </symbol>
      <symbol id="sm-2ad">
         <name>_CsmUnlock</name>
         <value>0x86da</value>
         <object_component_ref idref="oc-f7"/>
      </symbol>
      <symbol id="sm-2ae">
         <name>_InitPll2</name>
         <value>0x8656</value>
         <object_component_ref idref="oc-f7"/>
      </symbol>
      <symbol id="sm-2af">
         <name>_ServiceDog</name>
         <value>0x85ef</value>
         <object_component_ref idref="oc-f7"/>
      </symbol>
      <symbol id="sm-2b0">
         <name>_XtalOscSel</name>
         <value>0x8735</value>
         <object_component_ref idref="oc-f7"/>
      </symbol>
      <symbol id="sm-2b1">
         <name>_InitSysCtrl</name>
         <value>0x85d5</value>
         <object_component_ref idref="oc-f7"/>
      </symbol>
      <symbol id="sm-2bd">
         <name>_DSP28x_usDelay</name>
         <value>0x6a</value>
         <object_component_ref idref="oc-b6"/>
      </symbol>
      <symbol id="sm-2d0">
         <name>_main</name>
         <value>0x8767</value>
         <object_component_ref idref="oc-f4"/>
      </symbol>
      <symbol id="sm-2d1">
         <name>_InitEPwm6Example</name>
         <value>0x8887</value>
         <object_component_ref idref="oc-f4"/>
      </symbol>
      <symbol id="sm-2d2">
         <name>_adc_isr</name>
         <value>0x8a0c</value>
         <object_component_ref idref="oc-bd"/>
      </symbol>
      <symbol id="sm-2d3">
         <name>_InitStatusGpio</name>
         <value>0x87bd</value>
         <object_component_ref idref="oc-f4"/>
      </symbol>
      <symbol id="sm-2d4">
         <name>_cpu_timer0_isr</name>
         <value>0x8a53</value>
         <object_component_ref idref="oc-bd"/>
      </symbol>
      <symbol id="sm-2d5">
         <name>_InitEPwm4Example</name>
         <value>0x8828</value>
         <object_component_ref idref="oc-f4"/>
      </symbol>
      <symbol id="sm-2d6">
         <name>_Voltage1</name>
         <value>0xa119</value>
         <object_component_ref idref="oc-bc"/>
      </symbol>
      <symbol id="sm-2d7">
         <name>_Voltage2</name>
         <value>0xa118</value>
         <object_component_ref idref="oc-bc"/>
      </symbol>
      <symbol id="sm-2d8">
         <name>_Voltage3</name>
         <value>0xa11a</value>
         <object_component_ref idref="oc-bc"/>
      </symbol>
      <symbol id="sm-2d9">
         <name>_Voltage4</name>
         <value>0xa11c</value>
         <object_component_ref idref="oc-bc"/>
      </symbol>
      <symbol id="sm-2da">
         <name>_Voltage5</name>
         <value>0xa11b</value>
         <object_component_ref idref="oc-bc"/>
      </symbol>
      <symbol id="sm-2db">
         <name>_InitEPwm5Example</name>
         <value>0x8856</value>
         <object_component_ref idref="oc-f4"/>
      </symbol>
      <symbol id="sm-2dc">
         <name>_log</name>
         <value>0xa11e</value>
         <object_component_ref idref="oc-bc"/>
      </symbol>
      <symbol id="sm-2dd">
         <name>_AdcConfig</name>
         <value>0x87c7</value>
         <object_component_ref idref="oc-f4"/>
      </symbol>
      <symbol id="sm-2de">
         <name>_SampleCount</name>
         <value>0xa11d</value>
         <object_component_ref idref="oc-bc"/>
      </symbol>
      <symbol id="sm-2f9">
         <name>_c_int00</name>
         <value>0x8a64</value>
         <object_component_ref idref="oc-c2"/>
      </symbol>
      <symbol id="sm-2fa">
         <name>__stack</name>
         <value>0x400</value>
         <object_component_ref idref="oc-c3"/>
      </symbol>
      <symbol id="sm-309">
         <name>__args_main</name>
         <value>0x8b73</value>
         <object_component_ref idref="oc-f1"/>
      </symbol>
      <symbol id="sm-316">
         <name>__system_post_cinit</name>
         <value>0x8b9f</value>
         <object_component_ref idref="oc-f0"/>
      </symbol>
      <symbol id="sm-322">
         <name>__system_pre_init</name>
         <value>0x8b9d</value>
         <object_component_ref idref="oc-ee"/>
      </symbol>
      <symbol id="sm-331">
         <name>_copy_in</name>
         <value>0x8b31</value>
         <object_component_ref idref="oc-ef"/>
      </symbol>
      <symbol id="sm-345">
         <name>C$$EXIT</name>
         <value>0x8aba</value>
         <object_component_ref idref="oc-f2"/>
      </symbol>
      <symbol id="sm-346">
         <name>_exit</name>
         <value>0x8abc</value>
         <object_component_ref idref="oc-f2"/>
      </symbol>
      <symbol id="sm-347">
         <name>___TI_cleanup_ptr</name>
         <value>0xa126</value>
         <object_component_ref idref="oc-df"/>
      </symbol>
      <symbol id="sm-348">
         <name>___TI_enable_exit_profile_output</name>
         <value>0xa124</value>
         <object_component_ref idref="oc-df"/>
      </symbol>
      <symbol id="sm-349">
         <name>_abort</name>
         <value>0x8aba</value>
         <object_component_ref idref="oc-f2"/>
      </symbol>
      <symbol id="sm-34a">
         <name>___TI_dtors_ptr</name>
         <value>0xa128</value>
         <object_component_ref idref="oc-df"/>
      </symbol>
      <symbol id="sm-35e">
         <name>__unlock</name>
         <value>0xa12c</value>
         <object_component_ref idref="oc-100"/>
      </symbol>
      <symbol id="sm-35f">
         <name>__lock</name>
         <value>0xa12a</value>
         <object_component_ref idref="oc-f5"/>
      </symbol>
      <symbol id="sm-360">
         <name>__register_lock</name>
         <value>0x8b90</value>
         <object_component_ref idref="oc-fd"/>
      </symbol>
      <symbol id="sm-361">
         <name>__nop</name>
         <value>0x8b94</value>
         <object_component_ref idref="oc-fd"/>
      </symbol>
      <symbol id="sm-362">
         <name>__register_unlock</name>
         <value>0x8b8c</value>
         <object_component_ref idref="oc-fd"/>
      </symbol>
      <symbol id="sm-373">
         <name>_memcpy</name>
         <value>0x8b55</value>
         <object_component_ref idref="oc-f3"/>
      </symbol>
   </symbol_table>
   <title>Link successful</title>
</link_info>
